Archive member included to satisfy reference by file (symbol)

/opt/AVR/root/lib/gcc/avr/13.2.0/avr25/libgcc.a(_exit.o)
                              /opt/AVR/root/lib/gcc/avr/13.2.0/../../../../avr/lib/avr25/crtattiny85.o (exit)

Discarded input sections

 .data          0x00000000        0x0 /opt/AVR/root/lib/gcc/avr/13.2.0/../../../../avr/lib/avr25/crtattiny85.o
 .bss           0x00000000        0x0 /opt/AVR/root/lib/gcc/avr/13.2.0/../../../../avr/lib/avr25/crtattiny85.o
 .text          0x00000000        0x0 /tmp/cccy2KX6.ltrans0.ltrans.o
 .data          0x00000000        0x0 /tmp/cccy2KX6.ltrans0.ltrans.o
 .bss           0x00000000        0x0 /tmp/cccy2KX6.ltrans0.ltrans.o
 .group         0x00000000        0xc /tmp/ccF5Fnl0.debug.temp.o
 .group         0x00000000        0xc /tmp/ccF5Fnl0.debug.temp.o
 .group         0x00000000        0xc /tmp/ccF5Fnl0.debug.temp.o
 .group         0x00000000        0xc /tmp/ccF5Fnl0.debug.temp.o
 .group         0x00000000        0xc /tmp/ccF5Fnl0.debug.temp.o
 .group         0x00000000        0xc /tmp/ccF5Fnl0.debug.temp.o
 .group         0x00000000        0xc /tmp/ccF5Fnl0.debug.temp.o
 .group         0x00000000        0xc /tmp/ccF5Fnl0.debug.temp.o
 .group         0x00000000        0xc /tmp/ccF5Fnl0.debug.temp.o
 .group         0x00000000        0xc /tmp/ccF5Fnl0.debug.temp.o
 .group         0x00000000        0xc /tmp/ccF5Fnl0.debug.temp.o
 .group         0x00000000        0xc /tmp/ccF5Fnl0.debug.temp.o
 .group         0x00000000        0xc /tmp/ccF5Fnl0.debug.temp.o
 .group         0x00000000        0xc /tmp/ccF5Fnl0.debug.temp.o
 .group         0x00000000        0xc /tmp/ccF5Fnl0.debug.temp.o
 .group         0x00000000        0xc /tmp/ccF5Fnl0.debug.temp.o
 .group         0x00000000        0xc /tmp/ccF5Fnl0.debug.temp.o
 .group         0x00000000        0xc /tmp/ccF5Fnl0.debug.temp.o
 .group         0x00000000        0xc /tmp/ccF5Fnl0.debug.temp.o
 .group         0x00000000        0xc /tmp/ccF5Fnl0.debug.temp.o
 .group         0x00000000        0xc /tmp/ccF5Fnl0.debug.temp.o
 .group         0x00000000        0xc /tmp/ccF5Fnl0.debug.temp.o
 .group         0x00000000        0xc /tmp/ccF5Fnl0.debug.temp.o
 .group         0x00000000        0xc /tmp/ccF5Fnl0.debug.temp.o
 .group         0x00000000        0xc /tmp/ccF5Fnl0.debug.temp.o
 .group         0x00000000        0xc /tmp/ccF5Fnl0.debug.temp.o
 .group         0x00000000        0xc /tmp/ccF5Fnl0.debug.temp.o
 .group         0x00000000        0xc /tmp/ccF5Fnl0.debug.temp.o
 .group         0x00000000        0xc /tmp/ccF5Fnl0.debug.temp.o
 .group         0x00000000        0xc /tmp/ccF5Fnl0.debug.temp.o
 .group         0x00000000        0xc /tmp/ccF5Fnl0.debug.temp.o
 .group         0x00000000        0xc /tmp/ccF5Fnl0.debug.temp.o
 .group         0x00000000        0xc /tmp/ccF5Fnl0.debug.temp.o
 .group         0x00000000        0xc /tmp/ccF5Fnl0.debug.temp.o
 .group         0x00000000        0xc /tmp/ccF5Fnl0.debug.temp.o
 .group         0x00000000        0xc /tmp/ccF5Fnl0.debug.temp.o
 .group         0x00000000        0xc /tmp/ccF5Fnl0.debug.temp.o
 .group         0x00000000        0xc /tmp/ccF5Fnl0.debug.temp.o
 .group         0x00000000        0xc /tmp/ccF5Fnl0.debug.temp.o
 .group         0x00000000        0xc /tmp/ccF5Fnl0.debug.temp.o
 .group         0x00000000        0xc /tmp/ccF5Fnl0.debug.temp.o
 .group         0x00000000        0xc /tmp/ccF5Fnl0.debug.temp.o
 .group         0x00000000        0xc /tmp/ccF5Fnl0.debug.temp.o
 .group         0x00000000        0xc /tmp/ccF5Fnl0.debug.temp.o
 .group         0x00000000        0xc /tmp/ccF5Fnl0.debug.temp.o
 .group         0x00000000        0xc /tmp/ccF5Fnl0.debug.temp.o
 .group         0x00000000        0xc /tmp/ccF5Fnl0.debug.temp.o
 .group         0x00000000        0xc /tmp/ccF5Fnl0.debug.temp.o
 .group         0x00000000        0xc /tmp/ccF5Fnl0.debug.temp.o
 .comment       0x00000000       0x13 /tmp/ccF5Fnl0.debug.temp.o
 .text          0x00000000        0x0 /opt/AVR/root/lib/gcc/avr/13.2.0/avr25/libgcc.a(_exit.o)
 .data          0x00000000        0x0 /opt/AVR/root/lib/gcc/avr/13.2.0/avr25/libgcc.a(_exit.o)
 .bss           0x00000000        0x0 /opt/AVR/root/lib/gcc/avr/13.2.0/avr25/libgcc.a(_exit.o)
 .text.libgcc.mul
                0x00000000        0x0 /opt/AVR/root/lib/gcc/avr/13.2.0/avr25/libgcc.a(_exit.o)
 .text.libgcc.div
                0x00000000        0x0 /opt/AVR/root/lib/gcc/avr/13.2.0/avr25/libgcc.a(_exit.o)
 .text.libgcc   0x00000000        0x0 /opt/AVR/root/lib/gcc/avr/13.2.0/avr25/libgcc.a(_exit.o)
 .text.libgcc.prologue
                0x00000000        0x0 /opt/AVR/root/lib/gcc/avr/13.2.0/avr25/libgcc.a(_exit.o)
 .text.libgcc.builtins
                0x00000000        0x0 /opt/AVR/root/lib/gcc/avr/13.2.0/avr25/libgcc.a(_exit.o)
 .text.libgcc.fmul
                0x00000000        0x0 /opt/AVR/root/lib/gcc/avr/13.2.0/avr25/libgcc.a(_exit.o)
 .text.libgcc.fixed
                0x00000000        0x0 /opt/AVR/root/lib/gcc/avr/13.2.0/avr25/libgcc.a(_exit.o)

Memory Configuration

Name             Origin             Length             Attributes
text             0x00000000         0x00002000         xr
data             0x00800060         0x0000ffa0         rw!x
eeprom           0x00810000         0x00010000         rw!x
fuse             0x00820000         0x00000003         rw!x
lock             0x00830000         0x00000400         rw!x
signature        0x00840000         0x00000400         rw!x
user_signatures  0x00850000         0x00000400         rw!x
*default*        0x00000000         0xffffffff

Linker script and memory map

LOAD /opt/AVR/root/lib/gcc/avr/13.2.0/../../../../avr/lib/avr25/crtattiny85.o
LOAD eduardino/eduardino.o
LOAD /tmp/cccy2KX6.ltrans0.ltrans.o
LOAD /tmp/ccF5Fnl0.debug.temp.o
LOAD /opt/AVR/root/lib/gcc/avr/13.2.0/avr25/libgcc.a
LOAD /opt/AVR/root/lib/gcc/avr/13.2.0/../../../../avr/lib/avr25/libm.a
START GROUP
LOAD /opt/AVR/root/lib/gcc/avr/13.2.0/avr25/libgcc.a
LOAD /opt/AVR/root/lib/gcc/avr/13.2.0/../../../../avr/lib/avr25/libm.a
LOAD /opt/AVR/root/lib/gcc/avr/13.2.0/../../../../avr/lib/avr25/libc.a
LOAD /opt/AVR/root/lib/gcc/avr/13.2.0/../../../../avr/lib/avr25/libattiny85.a
END GROUP
                0x00002000                        __TEXT_REGION_LENGTH__ = DEFINED (__TEXT_REGION_LENGTH__)?__TEXT_REGION_LENGTH__:0x2000
                0x00800060                        __DATA_REGION_ORIGIN__ = DEFINED (__DATA_REGION_ORIGIN__)?__DATA_REGION_ORIGIN__:0x800060
                0x0000ffa0                        __DATA_REGION_LENGTH__ = DEFINED (__DATA_REGION_LENGTH__)?__DATA_REGION_LENGTH__:0xffa0
                0x00010000                        __EEPROM_REGION_LENGTH__ = DEFINED (__EEPROM_REGION_LENGTH__)?__EEPROM_REGION_LENGTH__:0x10000
                [0x00000003]                      __FUSE_REGION_LENGTH__ = DEFINED (__FUSE_REGION_LENGTH__)?__FUSE_REGION_LENGTH__:0x400
                0x00000400                        __LOCK_REGION_LENGTH__ = DEFINED (__LOCK_REGION_LENGTH__)?__LOCK_REGION_LENGTH__:0x400
                0x00000400                        __SIGNATURE_REGION_LENGTH__ = DEFINED (__SIGNATURE_REGION_LENGTH__)?__SIGNATURE_REGION_LENGTH__:0x400
                0x00000400                        __USER_SIGNATURE_REGION_LENGTH__ = DEFINED (__USER_SIGNATURE_REGION_LENGTH__)?__USER_SIGNATURE_REGION_LENGTH__:0x400

.hash
 *(.hash)

.dynsym
 *(.dynsym)

.dynstr
 *(.dynstr)

.gnu.version
 *(.gnu.version)

.gnu.version_d
 *(.gnu.version_d)

.gnu.version_r
 *(.gnu.version_r)

.rel.init
 *(.rel.init)

.rela.init
 *(.rela.init)

.rel.text
 *(.rel.text)
 *(.rel.text.*)
 *(.rel.gnu.linkonce.t*)

.rela.text
 *(.rela.text)
 *(.rela.text.*)
 *(.rela.gnu.linkonce.t*)

.rel.fini
 *(.rel.fini)

.rela.fini
 *(.rela.fini)

.rel.rodata
 *(.rel.rodata)
 *(.rel.rodata.*)
 *(.rel.gnu.linkonce.r*)

.rela.rodata
 *(.rela.rodata)
 *(.rela.rodata.*)
 *(.rela.gnu.linkonce.r*)

.rel.data
 *(.rel.data)
 *(.rel.data.*)
 *(.rel.gnu.linkonce.d*)

.rela.data
 *(.rela.data)
 *(.rela.data.*)
 *(.rela.gnu.linkonce.d*)

.rel.ctors
 *(.rel.ctors)

.rela.ctors
 *(.rela.ctors)

.rel.dtors
 *(.rel.dtors)

.rela.dtors
 *(.rela.dtors)

.rel.got
 *(.rel.got)

.rela.got
 *(.rela.got)

.rel.bss
 *(.rel.bss)

.rela.bss
 *(.rela.bss)

.rel.plt
 *(.rel.plt)

.rela.plt
 *(.rela.plt)

.text           0x00000000       0x3a
 *(.vectors)
 .vectors       0x00000000       0x1e /opt/AVR/root/lib/gcc/avr/13.2.0/../../../../avr/lib/avr25/crtattiny85.o
                0x00000000                __vectors
                0x00000000                __vector_default
 *(.vectors)
 *(.progmem.gcc*)
                0x0000001e                        . = ALIGN (0x2)
                0x0000001e                        __trampolines_start = .
 *(.trampolines)
 .trampolines   0x0000001e        0x0 linker stubs
 *(.trampolines*)
                0x0000001e                        __trampolines_end = .
 *libprintf_flt.a:*(.progmem.data)
 *libc.a:*(.progmem.data)
 *(.progmem.*)
                0x0000001e                        . = ALIGN (0x2)
 *(.lowtext)
 *(.lowtext*)
                0x0000001e                        __ctors_start = .
 *(.ctors)
                0x0000001e                        __ctors_end = .
                0x0000001e                        __dtors_start = .
 *(.dtors)
                0x0000001e                        __dtors_end = .
 SORT_BY_NAME(*)(.ctors)
 SORT_BY_NAME(*)(.dtors)
 *(.init0)
 .init0         0x0000001e        0x0 /opt/AVR/root/lib/gcc/avr/13.2.0/../../../../avr/lib/avr25/crtattiny85.o
                0x0000001e                __init
 *(.init0)
 *(.init1)
 *(.init1)
 *(.init2)
 .init2         0x0000001e        0xc /opt/AVR/root/lib/gcc/avr/13.2.0/../../../../avr/lib/avr25/crtattiny85.o
 *(.init2)
 *(.init3)
 *(.init3)
 *(.init4)
 *(.init4)
 *(.init5)
 *(.init5)
 *(.init6)
 *(.init6)
 *(.init7)
 *(.init7)
 *(.init8)
 *(.init8)
 *(.init9)
 .init9         0x0000002a        0x4 /opt/AVR/root/lib/gcc/avr/13.2.0/../../../../avr/lib/avr25/crtattiny85.o
 *(.init9)
 *(.text)
 .text          0x0000002e        0x2 /opt/AVR/root/lib/gcc/avr/13.2.0/../../../../avr/lib/avr25/crtattiny85.o
                0x0000002e                __vector_1
                0x0000002e                __vector_12
                0x0000002e                __bad_interrupt
                0x0000002e                __vector_6
                0x0000002e                __vector_3
                0x0000002e                __vector_11
                0x0000002e                __vector_13
                0x0000002e                __vector_7
                0x0000002e                __vector_5
                0x0000002e                __vector_4
                0x0000002e                __vector_9
                0x0000002e                __vector_2
                0x0000002e                __vector_8
                0x0000002e                __vector_14
                0x0000002e                __vector_10
                0x00000030                        . = ALIGN (0x2)
 *(.text.*)
 .text.startup  0x00000030        0x6 /tmp/cccy2KX6.ltrans0.ltrans.o
                0x00000030                main
                0x00000036                        . = ALIGN (0x2)
 *(.fini9)
 .fini9         0x00000036        0x0 /opt/AVR/root/lib/gcc/avr/13.2.0/avr25/libgcc.a(_exit.o)
                0x00000036                exit
                0x00000036                _exit
 *(.fini9)
 *(.fini8)
 *(.fini8)
 *(.fini7)
 *(.fini7)
 *(.fini6)
 *(.fini6)
 *(.fini5)
 *(.fini5)
 *(.fini4)
 *(.fini4)
 *(.fini3)
 *(.fini3)
 *(.fini2)
 *(.fini2)
 *(.fini1)
 *(.fini1)
 *(.fini0)
 .fini0         0x00000036        0x4 /opt/AVR/root/lib/gcc/avr/13.2.0/avr25/libgcc.a(_exit.o)
 *(.fini0)
 *(.hightext)
 *(.hightext*)
 *(.progmemx.*)
                0x0000003a                        . = ALIGN (0x2)
 *(.jumptables)
 *(.jumptables*)
                0x0000003a                        _etext = .

.data           0x00800060        0x0 load address 0x0000003a
                [!provide]                        PROVIDE (__data_start = .)
 *(.data)
 *(.data*)
 *(.gnu.linkonce.d*)
 *(.rodata)
 *(.rodata*)
 *(.gnu.linkonce.r*)
                0x00800060                        . = ALIGN (0x2)
                0x00800060                        _edata = .
                [!provide]                        PROVIDE (__data_end = .)

.bss            0x00800060        0x0
                [!provide]                        PROVIDE (__bss_start = .)
 *(.bss)
 *(.bss*)
 *(COMMON)
                [!provide]                        PROVIDE (__bss_end = .)
                0x0000003a                        __data_load_start = LOADADDR (.data)
                0x0000003a                        __data_load_end = (__data_load_start + SIZEOF (.data))

.noinit         0x00800060        0x0
                [!provide]                        PROVIDE (__noinit_start = .)
 *(.noinit .noinit.* .gnu.linkonce.n.*)
                [!provide]                        PROVIDE (__noinit_end = .)
                0x00800060                        _end = .
                [!provide]                        PROVIDE (__heap_start = .)

.eeprom         0x00810000        0x0
 *(.eeprom*)
                0x00810000                        __eeprom_end = .

.fuse
 *(.fuse)
 *(.lfuse)
 *(.hfuse)
 *(.efuse)

.lock
 *(.lock*)

.signature
 *(.signature*)

.stab
 *(.stab)

.stabstr
 *(.stabstr)

.stab.excl
 *(.stab.excl)

.stab.exclstr
 *(.stab.exclstr)

.stab.index
 *(.stab.index)

.stab.indexstr
 *(.stab.indexstr)

.comment        0x00000000       0x12
 *(.comment)
 .comment       0x00000000       0x12 /tmp/cccy2KX6.ltrans0.ltrans.o
                                 0x13 (size before relaxing)

.note.gnu.avr.deviceinfo
                0x00000000       0x3c
 .note.gnu.avr.deviceinfo
                0x00000000       0x3c /opt/AVR/root/lib/gcc/avr/13.2.0/../../../../avr/lib/avr25/crtattiny85.o

.gnu.build.attributes
 *(.gnu.build.attributes .gnu.build.attributes.*)

.note.gnu.build-id
 *(.note.gnu.build-id)

.debug
 *(.debug)

.line
 *(.line)

.debug_srcinfo
 *(.debug_srcinfo)

.debug_sfnames
 *(.debug_sfnames)

.debug_aranges  0x00000000       0x40
 *(.debug_aranges)
 .debug_aranges
                0x00000000       0x20 /tmp/cccy2KX6.ltrans0.ltrans.o
 .debug_aranges
                0x00000020       0x20 /opt/AVR/root/lib/gcc/avr/13.2.0/avr25/libgcc.a(_exit.o)

.debug_pubnames
 *(.debug_pubnames)

.debug_info     0x00000000     0x2745
 *(.debug_info .gnu.linkonce.wi.*)
 .debug_info    0x00000000      0x420 /opt/AVR/root/lib/gcc/avr/13.2.0/../../../../avr/lib/avr25/crtattiny85.o
 .debug_info    0x00000420       0x57 /tmp/cccy2KX6.ltrans0.ltrans.o
 .debug_info    0x00000477     0x22aa /tmp/ccF5Fnl0.debug.temp.o
                0x00000477                eduardino.cpp.eb457375
 .debug_info    0x00002721       0x24 /opt/AVR/root/lib/gcc/avr/13.2.0/avr25/libgcc.a(_exit.o)

.debug_abbrev   0x00000000      0x7f5
 *(.debug_abbrev)
 .debug_abbrev  0x00000000      0x3e8 /opt/AVR/root/lib/gcc/avr/13.2.0/../../../../avr/lib/avr25/crtattiny85.o
 .debug_abbrev  0x000003e8       0x35 /tmp/cccy2KX6.ltrans0.ltrans.o
 .debug_abbrev  0x0000041d      0x3c4 /tmp/ccF5Fnl0.debug.temp.o
 .debug_abbrev  0x000007e1       0x14 /opt/AVR/root/lib/gcc/avr/13.2.0/avr25/libgcc.a(_exit.o)

.debug_line     0x00000000      0x28a
 *(.debug_line .debug_line.* .debug_line_end)
 .debug_line    0x00000000       0x1a /opt/AVR/root/lib/gcc/avr/13.2.0/../../../../avr/lib/avr25/crtattiny85.o
 .debug_line    0x0000001a       0x88 /tmp/cccy2KX6.ltrans0.ltrans.o
 .debug_line    0x000000a2      0x197 /tmp/ccF5Fnl0.debug.temp.o
 .debug_line    0x00000239       0x51 /opt/AVR/root/lib/gcc/avr/13.2.0/avr25/libgcc.a(_exit.o)

.debug_frame    0x00000000       0x24
 *(.debug_frame)
 .debug_frame   0x00000000       0x24 /tmp/cccy2KX6.ltrans0.ltrans.o

.debug_str      0x00000000     0xe5cc
 *(.debug_str)
 .debug_str     0x00000000      0x16c /opt/AVR/root/lib/gcc/avr/13.2.0/../../../../avr/lib/avr25/crtattiny85.o
 .debug_str     0x0000016c       0xb0 /tmp/cccy2KX6.ltrans0.ltrans.o
 .debug_str     0x0000016c     0xe432 /tmp/ccF5Fnl0.debug.temp.o
 .debug_str     0x0000016c     0xe460 /opt/AVR/root/lib/gcc/avr/13.2.0/avr25/libgcc.a(_exit.o)
                                 0x6a (size before relaxing)

.debug_loc
 *(.debug_loc)

.debug_macinfo
 *(.debug_macinfo)

.debug_weaknames
 *(.debug_weaknames)

.debug_funcnames
 *(.debug_funcnames)

.debug_typenames
 *(.debug_typenames)

.debug_varnames
 *(.debug_varnames)

.debug_pubtypes
 *(.debug_pubtypes)

.debug_ranges
 *(.debug_ranges)

.debug_addr
 *(.debug_addr)

.debug_line_str
                0x00000000      0x4f8
 *(.debug_line_str)
 .debug_line_str
                0x00000000       0x74 /tmp/cccy2KX6.ltrans0.ltrans.o
 .debug_line_str
                0x00000000      0x4b3 /tmp/ccF5Fnl0.debug.temp.o
 .debug_line_str
                0x00000000      0x4f8 /opt/AVR/root/lib/gcc/avr/13.2.0/avr25/libgcc.a(_exit.o)
                                 0x5e (size before relaxing)

.debug_loclists
 *(.debug_loclists)

.debug_macro    0x00000000     0x2daa
 *(.debug_macro)
 .debug_macro   0x00000000      0x2a8 /tmp/ccF5Fnl0.debug.temp.o
 .debug_macro   0x000002a8      0xd96 /tmp/ccF5Fnl0.debug.temp.o
 .debug_macro   0x0000103e       0x1c /tmp/ccF5Fnl0.debug.temp.o
 .debug_macro   0x0000105a      0x1c9 /tmp/ccF5Fnl0.debug.temp.o
 .debug_macro   0x00001223      0x1f2 /tmp/ccF5Fnl0.debug.temp.o
 .debug_macro   0x00001415      0x26c /tmp/ccF5Fnl0.debug.temp.o
 .debug_macro   0x00001681       0xaa /tmp/ccF5Fnl0.debug.temp.o
 .debug_macro   0x0000172b       0x1c /tmp/ccF5Fnl0.debug.temp.o
 .debug_macro   0x00001747       0x18 /tmp/ccF5Fnl0.debug.temp.o
 .debug_macro   0x0000175f       0x4f /tmp/ccF5Fnl0.debug.temp.o
 .debug_macro   0x000017ae       0x25 /tmp/ccF5Fnl0.debug.temp.o
 .debug_macro   0x000017d3       0x1f /tmp/ccF5Fnl0.debug.temp.o
 .debug_macro   0x000017f2       0x11 /tmp/ccF5Fnl0.debug.temp.o
 .debug_macro   0x00001803       0x17 /tmp/ccF5Fnl0.debug.temp.o
 .debug_macro   0x0000181a       0x10 /tmp/ccF5Fnl0.debug.temp.o
 .debug_macro   0x0000182a       0x28 /tmp/ccF5Fnl0.debug.temp.o
 .debug_macro   0x00001852       0x2e /tmp/ccF5Fnl0.debug.temp.o
 .debug_macro   0x00001880       0x16 /tmp/ccF5Fnl0.debug.temp.o
 .debug_macro   0x00001896       0x19 /tmp/ccF5Fnl0.debug.temp.o
 .debug_macro   0x000018af       0x20 /tmp/ccF5Fnl0.debug.temp.o
 .debug_macro   0x000018cf       0x88 /tmp/ccF5Fnl0.debug.temp.o
 .debug_macro   0x00001957       0x2b /tmp/ccF5Fnl0.debug.temp.o
 .debug_macro   0x00001982       0x19 /tmp/ccF5Fnl0.debug.temp.o
 .debug_macro   0x0000199b       0x18 /tmp/ccF5Fnl0.debug.temp.o
 .debug_macro   0x000019b3       0xac /tmp/ccF5Fnl0.debug.temp.o
 .debug_macro   0x00001a5f       0x16 /tmp/ccF5Fnl0.debug.temp.o
 .debug_macro   0x00001a75       0x9e /tmp/ccF5Fnl0.debug.temp.o
 .debug_macro   0x00001b13       0x16 /tmp/ccF5Fnl0.debug.temp.o
 .debug_macro   0x00001b29       0x16 /tmp/ccF5Fnl0.debug.temp.o
 .debug_macro   0x00001b3f       0x10 /tmp/ccF5Fnl0.debug.temp.o
 .debug_macro   0x00001b4f      0x302 /tmp/ccF5Fnl0.debug.temp.o
 .debug_macro   0x00001e51       0x9e /tmp/ccF5Fnl0.debug.temp.o
 .debug_macro   0x00001eef      0x7dd /tmp/ccF5Fnl0.debug.temp.o
 .debug_macro   0x000026cc       0xd6 /tmp/ccF5Fnl0.debug.temp.o
 .debug_macro   0x000027a2       0xc2 /tmp/ccF5Fnl0.debug.temp.o
 .debug_macro   0x00002864       0xbd /tmp/ccF5Fnl0.debug.temp.o
 .debug_macro   0x00002921       0x34 /tmp/ccF5Fnl0.debug.temp.o
 .debug_macro   0x00002955       0x18 /tmp/ccF5Fnl0.debug.temp.o
 .debug_macro   0x0000296d       0x34 /tmp/ccF5Fnl0.debug.temp.o
 .debug_macro   0x000029a1       0x10 /tmp/ccF5Fnl0.debug.temp.o
 .debug_macro   0x000029b1       0x64 /tmp/ccF5Fnl0.debug.temp.o
 .debug_macro   0x00002a15       0x1c /tmp/ccF5Fnl0.debug.temp.o
 .debug_macro   0x00002a31       0x9e /tmp/ccF5Fnl0.debug.temp.o
 .debug_macro   0x00002acf       0x53 /tmp/ccF5Fnl0.debug.temp.o
 .debug_macro   0x00002b22       0x2e /tmp/ccF5Fnl0.debug.temp.o
 .debug_macro   0x00002b50       0x10 /tmp/ccF5Fnl0.debug.temp.o
 .debug_macro   0x00002b60       0x12 /tmp/ccF5Fnl0.debug.temp.o
 .debug_macro   0x00002b72       0xc6 /tmp/ccF5Fnl0.debug.temp.o
 .debug_macro   0x00002c38       0x22 /tmp/ccF5Fnl0.debug.temp.o
 .debug_macro   0x00002c5a      0x150 /tmp/ccF5Fnl0.debug.temp.o

.debug_names
 *(.debug_names)

.debug_rnglists
                0x00000000       0x13
 *(.debug_rnglists)
 .debug_rnglists
                0x00000000       0x13 /tmp/cccy2KX6.ltrans0.ltrans.o

.debug_str_offsets
 *(.debug_str_offsets)

.debug_sup
 *(.debug_sup)
OUTPUT(duchaRGB.elf elf32-avr)
LOAD linker stubs
