Archive member included to satisfy reference by file (symbol)

/opt/AVR/root/lib/gcc/avr/13.2.0/avr25/libgcc.a(_exit.o)
                              /opt/AVR/root/lib/gcc/avr/13.2.0/../../../../avr/lib/avr25/crtattiny85.o (exit)
/opt/AVR/root/lib/gcc/avr/13.2.0/../../../../avr/lib/avr25/libc.a(memcpy_P.o)
                              ./main.o (symbol from plugin) (memcpy_P)
/opt/AVR/root/lib/gcc/avr/13.2.0/avr25/libgcc.a(_mulhi3.o)
                              /tmp/ccoZ0Zc5.ltrans0.ltrans.o (__mulhi3)
/opt/AVR/root/lib/gcc/avr/13.2.0/avr25/libgcc.a(_clear_bss.o)
                              /tmp/ccoZ0Zc5.ltrans0.ltrans.o (__do_clear_bss)
/opt/AVR/root/lib/gcc/avr/13.2.0/avr25/libgcc.a(_ctors.o)
                              /tmp/ccoZ0Zc5.ltrans0.ltrans.o (__do_global_ctors)
/opt/AVR/root/lib/gcc/avr/13.2.0/avr25/libgcc.a(_tablejump2.o)
                              /opt/AVR/root/lib/gcc/avr/13.2.0/avr25/libgcc.a(_ctors.o) (__tablejump2__)
/opt/AVR/root/lib/gcc/avr/13.2.0/../../../../avr/lib/avr25/libm.a(addsf3.o)
                              /tmp/ccoZ0Zc5.ltrans0.ltrans.o (__addsf3)
/opt/AVR/root/lib/gcc/avr/13.2.0/../../../../avr/lib/avr25/libm.a(addsf3x.o)
                              /opt/AVR/root/lib/gcc/avr/13.2.0/../../../../avr/lib/avr25/libm.a(addsf3.o) (__addsf3x)
/opt/AVR/root/lib/gcc/avr/13.2.0/../../../../avr/lib/avr25/libm.a(fixunssfsi.o)
                              /tmp/ccoZ0Zc5.ltrans0.ltrans.o (__fixunssfsi)
/opt/AVR/root/lib/gcc/avr/13.2.0/../../../../avr/lib/avr25/libm.a(floatsisf.o)
                              /tmp/ccoZ0Zc5.ltrans0.ltrans.o (__floatunsisf)
/opt/AVR/root/lib/gcc/avr/13.2.0/../../../../avr/lib/avr25/libm.a(fp_inf.o)
                              /opt/AVR/root/lib/gcc/avr/13.2.0/../../../../avr/lib/avr25/libm.a(addsf3x.o) (__fp_inf)
/opt/AVR/root/lib/gcc/avr/13.2.0/../../../../avr/lib/avr25/libm.a(fp_nan.o)
                              /opt/AVR/root/lib/gcc/avr/13.2.0/../../../../avr/lib/avr25/libm.a(addsf3x.o) (__fp_nan)
/opt/AVR/root/lib/gcc/avr/13.2.0/../../../../avr/lib/avr25/libm.a(fp_pscA.o)
                              /opt/AVR/root/lib/gcc/avr/13.2.0/../../../../avr/lib/avr25/libm.a(addsf3x.o) (__fp_pscA)
/opt/AVR/root/lib/gcc/avr/13.2.0/../../../../avr/lib/avr25/libm.a(fp_pscB.o)
                              /opt/AVR/root/lib/gcc/avr/13.2.0/../../../../avr/lib/avr25/libm.a(addsf3x.o) (__fp_pscB)
/opt/AVR/root/lib/gcc/avr/13.2.0/../../../../avr/lib/avr25/libm.a(fp_round.o)
                              /opt/AVR/root/lib/gcc/avr/13.2.0/../../../../avr/lib/avr25/libm.a(addsf3.o) (__fp_round)
/opt/AVR/root/lib/gcc/avr/13.2.0/../../../../avr/lib/avr25/libm.a(fp_split3.o)
                              /opt/AVR/root/lib/gcc/avr/13.2.0/../../../../avr/lib/avr25/libm.a(addsf3x.o) (__fp_split3)
/opt/AVR/root/lib/gcc/avr/13.2.0/../../../../avr/lib/avr25/libm.a(fp_zero.o)
                              /opt/AVR/root/lib/gcc/avr/13.2.0/../../../../avr/lib/avr25/libm.a(addsf3x.o) (__fp_zero)
/opt/AVR/root/lib/gcc/avr/13.2.0/../../../../avr/lib/avr25/libm.a(mulsf3.o)
                              /tmp/ccoZ0Zc5.ltrans0.ltrans.o (__mulsf3)
/opt/AVR/root/lib/gcc/avr/13.2.0/../../../../avr/lib/avr25/libm.a(mulsf3x.o)
                              /opt/AVR/root/lib/gcc/avr/13.2.0/../../../../avr/lib/avr25/libm.a(mulsf3.o) (__mulsf3x)

Discarded input sections

 .data          0x00000000        0x0 /opt/AVR/root/lib/gcc/avr/13.2.0/../../../../avr/lib/avr25/crtattiny85.o
 .bss           0x00000000        0x0 /opt/AVR/root/lib/gcc/avr/13.2.0/../../../../avr/lib/avr25/crtattiny85.o
 .data          0x00000000        0x0 /tmp/ccoZ0Zc5.ltrans0.ltrans.o
 .group         0x00000000        0xc /tmp/cc0eqW5J.debug.temp.o
 .group         0x00000000        0xc /tmp/cc0eqW5J.debug.temp.o
 .group         0x00000000        0xc /tmp/cc0eqW5J.debug.temp.o
 .group         0x00000000        0xc /tmp/cc0eqW5J.debug.temp.o
 .group         0x00000000        0xc /tmp/cc0eqW5J.debug.temp.o
 .group         0x00000000        0xc /tmp/cc0eqW5J.debug.temp.o
 .group         0x00000000        0xc /tmp/cc0eqW5J.debug.temp.o
 .group         0x00000000        0xc /tmp/cc0eqW5J.debug.temp.o
 .group         0x00000000        0xc /tmp/cc0eqW5J.debug.temp.o
 .group         0x00000000        0xc /tmp/cc0eqW5J.debug.temp.o
 .group         0x00000000        0xc /tmp/cc0eqW5J.debug.temp.o
 .group         0x00000000        0xc /tmp/cc0eqW5J.debug.temp.o
 .group         0x00000000        0xc /tmp/cc0eqW5J.debug.temp.o
 .group         0x00000000        0xc /tmp/cc0eqW5J.debug.temp.o
 .group         0x00000000        0xc /tmp/cc0eqW5J.debug.temp.o
 .group         0x00000000        0xc /tmp/cc0eqW5J.debug.temp.o
 .group         0x00000000        0xc /tmp/cc0eqW5J.debug.temp.o
 .group         0x00000000        0xc /tmp/cc0eqW5J.debug.temp.o
 .group         0x00000000        0xc /tmp/cc0eqW5J.debug.temp.o
 .group         0x00000000        0xc /tmp/cc0eqW5J.debug.temp.o
 .group         0x00000000        0xc /tmp/cc0eqW5J.debug.temp.o
 .group         0x00000000        0xc /tmp/cc0eqW5J.debug.temp.o
 .group         0x00000000        0xc /tmp/cc0eqW5J.debug.temp.o
 .group         0x00000000        0xc /tmp/cc0eqW5J.debug.temp.o
 .group         0x00000000        0xc /tmp/cc0eqW5J.debug.temp.o
 .group         0x00000000        0xc /tmp/cc0eqW5J.debug.temp.o
 .group         0x00000000        0xc /tmp/cc0eqW5J.debug.temp.o
 .group         0x00000000        0xc /tmp/cc0eqW5J.debug.temp.o
 .group         0x00000000        0xc /tmp/cc0eqW5J.debug.temp.o
 .group         0x00000000        0xc /tmp/cc0eqW5J.debug.temp.o
 .group         0x00000000        0xc /tmp/cc0eqW5J.debug.temp.o
 .group         0x00000000        0xc /tmp/cc0eqW5J.debug.temp.o
 .group         0x00000000        0xc /tmp/cc0eqW5J.debug.temp.o
 .group         0x00000000        0xc /tmp/cc0eqW5J.debug.temp.o
 .group         0x00000000        0xc /tmp/cc0eqW5J.debug.temp.o
 .group         0x00000000        0xc /tmp/cc0eqW5J.debug.temp.o
 .group         0x00000000        0xc /tmp/cc0eqW5J.debug.temp.o
 .group         0x00000000        0xc /tmp/cc0eqW5J.debug.temp.o
 .group         0x00000000        0xc /tmp/cc0eqW5J.debug.temp.o
 .group         0x00000000        0xc /tmp/cc0eqW5J.debug.temp.o
 .group         0x00000000        0xc /tmp/cc0eqW5J.debug.temp.o
 .group         0x00000000        0xc /tmp/cc0eqW5J.debug.temp.o
 .group         0x00000000        0xc /tmp/cc0eqW5J.debug.temp.o
 .group         0x00000000        0xc /tmp/cc0eqW5J.debug.temp.o
 .group         0x00000000        0xc /tmp/cc0eqW5J.debug.temp.o
 .group         0x00000000        0xc /tmp/cc0eqW5J.debug.temp.o
 .group         0x00000000        0xc /tmp/cc0eqW5J.debug.temp.o
 .group         0x00000000        0xc /tmp/cc0eqW5J.debug.temp.o
 .group         0x00000000        0xc /tmp/cc0eqW5J.debug.temp.o
 .comment       0x00000000       0x13 /tmp/cc0eqW5J.debug.temp.o
 .group         0x00000000        0xc /tmp/ccGM8bOm.debug.temp.o
 .group         0x00000000        0xc /tmp/ccGM8bOm.debug.temp.o
 .group         0x00000000        0xc /tmp/ccGM8bOm.debug.temp.o
 .group         0x00000000        0xc /tmp/ccGM8bOm.debug.temp.o
 .group         0x00000000        0xc /tmp/ccGM8bOm.debug.temp.o
 .group         0x00000000        0xc /tmp/ccGM8bOm.debug.temp.o
 .group         0x00000000        0xc /tmp/ccGM8bOm.debug.temp.o
 .group         0x00000000        0xc /tmp/ccGM8bOm.debug.temp.o
 .group         0x00000000        0xc /tmp/ccGM8bOm.debug.temp.o
 .group         0x00000000        0xc /tmp/ccGM8bOm.debug.temp.o
 .group         0x00000000        0xc /tmp/ccGM8bOm.debug.temp.o
 .group         0x00000000        0xc /tmp/ccGM8bOm.debug.temp.o
 .group         0x00000000        0xc /tmp/ccGM8bOm.debug.temp.o
 .group         0x00000000        0xc /tmp/ccGM8bOm.debug.temp.o
 .group         0x00000000        0xc /tmp/ccGM8bOm.debug.temp.o
 .group         0x00000000        0xc /tmp/ccGM8bOm.debug.temp.o
 .group         0x00000000        0xc /tmp/ccGM8bOm.debug.temp.o
 .group         0x00000000        0xc /tmp/ccGM8bOm.debug.temp.o
 .group         0x00000000        0xc /tmp/ccGM8bOm.debug.temp.o
 .group         0x00000000        0xc /tmp/ccGM8bOm.debug.temp.o
 .group         0x00000000        0xc /tmp/ccGM8bOm.debug.temp.o
 .group         0x00000000        0xc /tmp/ccGM8bOm.debug.temp.o
 .group         0x00000000        0xc /tmp/ccGM8bOm.debug.temp.o
 .group         0x00000000        0xc /tmp/ccGM8bOm.debug.temp.o
 .group         0x00000000        0xc /tmp/ccGM8bOm.debug.temp.o
 .group         0x00000000        0xc /tmp/ccGM8bOm.debug.temp.o
 .group         0x00000000        0xc /tmp/ccGM8bOm.debug.temp.o
 .group         0x00000000        0xc /tmp/ccGM8bOm.debug.temp.o
 .group         0x00000000        0xc /tmp/ccGM8bOm.debug.temp.o
 .group         0x00000000        0xc /tmp/ccGM8bOm.debug.temp.o
 .group         0x00000000        0xc /tmp/ccGM8bOm.debug.temp.o
 .group         0x00000000        0xc /tmp/ccGM8bOm.debug.temp.o
 .group         0x00000000        0xc /tmp/ccGM8bOm.debug.temp.o
 .group         0x00000000        0xc /tmp/ccGM8bOm.debug.temp.o
 .group         0x00000000        0xc /tmp/ccGM8bOm.debug.temp.o
 .group         0x00000000        0xc /tmp/ccGM8bOm.debug.temp.o
 .group         0x00000000        0xc /tmp/ccGM8bOm.debug.temp.o
 .group         0x00000000        0xc /tmp/ccGM8bOm.debug.temp.o
 .group         0x00000000        0xc /tmp/ccGM8bOm.debug.temp.o
 .group         0x00000000        0xc /tmp/ccGM8bOm.debug.temp.o
 .group         0x00000000        0xc /tmp/ccGM8bOm.debug.temp.o
 .group         0x00000000        0xc /tmp/ccGM8bOm.debug.temp.o
 .group         0x00000000        0xc /tmp/ccGM8bOm.debug.temp.o
 .group         0x00000000        0xc /tmp/ccGM8bOm.debug.temp.o
 .group         0x00000000        0xc /tmp/ccGM8bOm.debug.temp.o
 .group         0x00000000        0xc /tmp/ccGM8bOm.debug.temp.o
 .group         0x00000000        0xc /tmp/ccGM8bOm.debug.temp.o
 .group         0x00000000        0xc /tmp/ccGM8bOm.debug.temp.o
 .group         0x00000000        0xc /tmp/ccGM8bOm.debug.temp.o
 .debug_macro   0x00000000      0xd96 /tmp/ccGM8bOm.debug.temp.o
 .debug_macro   0x00000000       0x1c /tmp/ccGM8bOm.debug.temp.o
 .debug_macro   0x00000000      0x1c9 /tmp/ccGM8bOm.debug.temp.o
 .debug_macro   0x00000000      0x1f2 /tmp/ccGM8bOm.debug.temp.o
 .debug_macro   0x00000000      0x26c /tmp/ccGM8bOm.debug.temp.o
 .debug_macro   0x00000000       0xaa /tmp/ccGM8bOm.debug.temp.o
 .debug_macro   0x00000000       0x1c /tmp/ccGM8bOm.debug.temp.o
 .debug_macro   0x00000000       0x18 /tmp/ccGM8bOm.debug.temp.o
 .debug_macro   0x00000000       0x4f /tmp/ccGM8bOm.debug.temp.o
 .debug_macro   0x00000000       0x25 /tmp/ccGM8bOm.debug.temp.o
 .debug_macro   0x00000000       0x1f /tmp/ccGM8bOm.debug.temp.o
 .debug_macro   0x00000000       0x11 /tmp/ccGM8bOm.debug.temp.o
 .debug_macro   0x00000000       0x17 /tmp/ccGM8bOm.debug.temp.o
 .debug_macro   0x00000000       0x10 /tmp/ccGM8bOm.debug.temp.o
 .debug_macro   0x00000000       0x28 /tmp/ccGM8bOm.debug.temp.o
 .debug_macro   0x00000000       0x2e /tmp/ccGM8bOm.debug.temp.o
 .debug_macro   0x00000000       0x16 /tmp/ccGM8bOm.debug.temp.o
 .debug_macro   0x00000000       0x19 /tmp/ccGM8bOm.debug.temp.o
 .debug_macro   0x00000000       0x20 /tmp/ccGM8bOm.debug.temp.o
 .debug_macro   0x00000000       0x88 /tmp/ccGM8bOm.debug.temp.o
 .debug_macro   0x00000000       0x2b /tmp/ccGM8bOm.debug.temp.o
 .debug_macro   0x00000000       0x19 /tmp/ccGM8bOm.debug.temp.o
 .debug_macro   0x00000000       0x18 /tmp/ccGM8bOm.debug.temp.o
 .debug_macro   0x00000000       0xac /tmp/ccGM8bOm.debug.temp.o
 .debug_macro   0x00000000       0x16 /tmp/ccGM8bOm.debug.temp.o
 .debug_macro   0x00000000       0x9e /tmp/ccGM8bOm.debug.temp.o
 .debug_macro   0x00000000       0x16 /tmp/ccGM8bOm.debug.temp.o
 .debug_macro   0x00000000       0x16 /tmp/ccGM8bOm.debug.temp.o
 .debug_macro   0x00000000       0x10 /tmp/ccGM8bOm.debug.temp.o
 .debug_macro   0x00000000      0x302 /tmp/ccGM8bOm.debug.temp.o
 .debug_macro   0x00000000       0x9e /tmp/ccGM8bOm.debug.temp.o
 .debug_macro   0x00000000      0x7dd /tmp/ccGM8bOm.debug.temp.o
 .debug_macro   0x00000000       0xd6 /tmp/ccGM8bOm.debug.temp.o
 .debug_macro   0x00000000       0xc2 /tmp/ccGM8bOm.debug.temp.o
 .debug_macro   0x00000000       0xbd /tmp/ccGM8bOm.debug.temp.o
 .debug_macro   0x00000000       0x34 /tmp/ccGM8bOm.debug.temp.o
 .debug_macro   0x00000000       0x18 /tmp/ccGM8bOm.debug.temp.o
 .debug_macro   0x00000000       0x34 /tmp/ccGM8bOm.debug.temp.o
 .debug_macro   0x00000000       0x2e /tmp/ccGM8bOm.debug.temp.o
 .debug_macro   0x00000000       0x10 /tmp/ccGM8bOm.debug.temp.o
 .debug_macro   0x00000000       0x64 /tmp/ccGM8bOm.debug.temp.o
 .debug_macro   0x00000000       0x1c /tmp/ccGM8bOm.debug.temp.o
 .debug_macro   0x00000000       0x9e /tmp/ccGM8bOm.debug.temp.o
 .debug_macro   0x00000000       0x53 /tmp/ccGM8bOm.debug.temp.o
 .debug_macro   0x00000000       0x10 /tmp/ccGM8bOm.debug.temp.o
 .debug_macro   0x00000000       0x12 /tmp/ccGM8bOm.debug.temp.o
 .debug_macro   0x00000000       0xc6 /tmp/ccGM8bOm.debug.temp.o
 .debug_macro   0x00000000       0x22 /tmp/ccGM8bOm.debug.temp.o
 .debug_macro   0x00000000      0x150 /tmp/ccGM8bOm.debug.temp.o
 .comment       0x00000000       0x13 /tmp/ccGM8bOm.debug.temp.o
 .group         0x00000000        0xc /tmp/ccIdfziL.debug.temp.o
 .group         0x00000000        0xc /tmp/ccIdfziL.debug.temp.o
 .group         0x00000000        0xc /tmp/ccIdfziL.debug.temp.o
 .group         0x00000000        0xc /tmp/ccIdfziL.debug.temp.o
 .group         0x00000000        0xc /tmp/ccIdfziL.debug.temp.o
 .group         0x00000000        0xc /tmp/ccIdfziL.debug.temp.o
 .group         0x00000000        0xc /tmp/ccIdfziL.debug.temp.o
 .group         0x00000000        0xc /tmp/ccIdfziL.debug.temp.o
 .group         0x00000000        0xc /tmp/ccIdfziL.debug.temp.o
 .group         0x00000000        0xc /tmp/ccIdfziL.debug.temp.o
 .group         0x00000000        0xc /tmp/ccIdfziL.debug.temp.o
 .group         0x00000000        0xc /tmp/ccIdfziL.debug.temp.o
 .group         0x00000000        0xc /tmp/ccIdfziL.debug.temp.o
 .group         0x00000000        0xc /tmp/ccIdfziL.debug.temp.o
 .group         0x00000000        0xc /tmp/ccIdfziL.debug.temp.o
 .group         0x00000000        0xc /tmp/ccIdfziL.debug.temp.o
 .group         0x00000000        0xc /tmp/ccIdfziL.debug.temp.o
 .group         0x00000000        0xc /tmp/ccIdfziL.debug.temp.o
 .group         0x00000000        0xc /tmp/ccIdfziL.debug.temp.o
 .group         0x00000000        0xc /tmp/ccIdfziL.debug.temp.o
 .group         0x00000000        0xc /tmp/ccIdfziL.debug.temp.o
 .group         0x00000000        0xc /tmp/ccIdfziL.debug.temp.o
 .group         0x00000000        0xc /tmp/ccIdfziL.debug.temp.o
 .group         0x00000000        0xc /tmp/ccIdfziL.debug.temp.o
 .group         0x00000000        0xc /tmp/ccIdfziL.debug.temp.o
 .group         0x00000000        0xc /tmp/ccIdfziL.debug.temp.o
 .group         0x00000000        0xc /tmp/ccIdfziL.debug.temp.o
 .group         0x00000000        0xc /tmp/ccIdfziL.debug.temp.o
 .group         0x00000000        0xc /tmp/ccIdfziL.debug.temp.o
 .group         0x00000000        0xc /tmp/ccIdfziL.debug.temp.o
 .group         0x00000000        0xc /tmp/ccIdfziL.debug.temp.o
 .group         0x00000000        0xc /tmp/ccIdfziL.debug.temp.o
 .group         0x00000000        0xc /tmp/ccIdfziL.debug.temp.o
 .group         0x00000000        0xc /tmp/ccIdfziL.debug.temp.o
 .group         0x00000000        0xc /tmp/ccIdfziL.debug.temp.o
 .group         0x00000000        0xc /tmp/ccIdfziL.debug.temp.o
 .group         0x00000000        0xc /tmp/ccIdfziL.debug.temp.o
 .group         0x00000000        0xc /tmp/ccIdfziL.debug.temp.o
 .group         0x00000000        0xc /tmp/ccIdfziL.debug.temp.o
 .group         0x00000000        0xc /tmp/ccIdfziL.debug.temp.o
 .group         0x00000000        0xc /tmp/ccIdfziL.debug.temp.o
 .group         0x00000000        0xc /tmp/ccIdfziL.debug.temp.o
 .group         0x00000000        0xc /tmp/ccIdfziL.debug.temp.o
 .group         0x00000000        0xc /tmp/ccIdfziL.debug.temp.o
 .group         0x00000000        0xc /tmp/ccIdfziL.debug.temp.o
 .group         0x00000000        0xc /tmp/ccIdfziL.debug.temp.o
 .group         0x00000000        0xc /tmp/ccIdfziL.debug.temp.o
 .group         0x00000000        0xc /tmp/ccIdfziL.debug.temp.o
 .group         0x00000000        0xc /tmp/ccIdfziL.debug.temp.o
 .debug_macro   0x00000000      0xd96 /tmp/ccIdfziL.debug.temp.o
 .debug_macro   0x00000000       0x1c /tmp/ccIdfziL.debug.temp.o
 .debug_macro   0x00000000      0x1c9 /tmp/ccIdfziL.debug.temp.o
 .debug_macro   0x00000000      0x1f2 /tmp/ccIdfziL.debug.temp.o
 .debug_macro   0x00000000      0x26c /tmp/ccIdfziL.debug.temp.o
 .debug_macro   0x00000000       0xaa /tmp/ccIdfziL.debug.temp.o
 .debug_macro   0x00000000       0x1c /tmp/ccIdfziL.debug.temp.o
 .debug_macro   0x00000000       0x18 /tmp/ccIdfziL.debug.temp.o
 .debug_macro   0x00000000       0x4f /tmp/ccIdfziL.debug.temp.o
 .debug_macro   0x00000000       0x25 /tmp/ccIdfziL.debug.temp.o
 .debug_macro   0x00000000       0x1f /tmp/ccIdfziL.debug.temp.o
 .debug_macro   0x00000000       0x11 /tmp/ccIdfziL.debug.temp.o
 .debug_macro   0x00000000       0x17 /tmp/ccIdfziL.debug.temp.o
 .debug_macro   0x00000000       0x10 /tmp/ccIdfziL.debug.temp.o
 .debug_macro   0x00000000       0x28 /tmp/ccIdfziL.debug.temp.o
 .debug_macro   0x00000000       0x2e /tmp/ccIdfziL.debug.temp.o
 .debug_macro   0x00000000       0x16 /tmp/ccIdfziL.debug.temp.o
 .debug_macro   0x00000000       0x19 /tmp/ccIdfziL.debug.temp.o
 .debug_macro   0x00000000       0x20 /tmp/ccIdfziL.debug.temp.o
 .debug_macro   0x00000000       0x88 /tmp/ccIdfziL.debug.temp.o
 .debug_macro   0x00000000       0x2b /tmp/ccIdfziL.debug.temp.o
 .debug_macro   0x00000000       0x19 /tmp/ccIdfziL.debug.temp.o
 .debug_macro   0x00000000       0x18 /tmp/ccIdfziL.debug.temp.o
 .debug_macro   0x00000000       0xac /tmp/ccIdfziL.debug.temp.o
 .debug_macro   0x00000000       0x16 /tmp/ccIdfziL.debug.temp.o
 .debug_macro   0x00000000       0x9e /tmp/ccIdfziL.debug.temp.o
 .debug_macro   0x00000000       0x16 /tmp/ccIdfziL.debug.temp.o
 .debug_macro   0x00000000       0x16 /tmp/ccIdfziL.debug.temp.o
 .debug_macro   0x00000000       0x10 /tmp/ccIdfziL.debug.temp.o
 .debug_macro   0x00000000      0x302 /tmp/ccIdfziL.debug.temp.o
 .debug_macro   0x00000000       0x9e /tmp/ccIdfziL.debug.temp.o
 .debug_macro   0x00000000      0x7dd /tmp/ccIdfziL.debug.temp.o
 .debug_macro   0x00000000       0xd6 /tmp/ccIdfziL.debug.temp.o
 .debug_macro   0x00000000       0xc2 /tmp/ccIdfziL.debug.temp.o
 .debug_macro   0x00000000       0xbd /tmp/ccIdfziL.debug.temp.o
 .debug_macro   0x00000000       0x34 /tmp/ccIdfziL.debug.temp.o
 .debug_macro   0x00000000       0x18 /tmp/ccIdfziL.debug.temp.o
 .debug_macro   0x00000000       0x34 /tmp/ccIdfziL.debug.temp.o
 .debug_macro   0x00000000       0x10 /tmp/ccIdfziL.debug.temp.o
 .debug_macro   0x00000000       0x64 /tmp/ccIdfziL.debug.temp.o
 .debug_macro   0x00000000       0x1c /tmp/ccIdfziL.debug.temp.o
 .debug_macro   0x00000000       0x9e /tmp/ccIdfziL.debug.temp.o
 .debug_macro   0x00000000       0x53 /tmp/ccIdfziL.debug.temp.o
 .debug_macro   0x00000000       0x2e /tmp/ccIdfziL.debug.temp.o
 .debug_macro   0x00000000       0x10 /tmp/ccIdfziL.debug.temp.o
 .debug_macro   0x00000000       0x12 /tmp/ccIdfziL.debug.temp.o
 .debug_macro   0x00000000       0xc6 /tmp/ccIdfziL.debug.temp.o
 .debug_macro   0x00000000       0x22 /tmp/ccIdfziL.debug.temp.o
 .debug_macro   0x00000000      0x150 /tmp/ccIdfziL.debug.temp.o
 .comment       0x00000000       0x13 /tmp/ccIdfziL.debug.temp.o
 .group         0x00000000        0xc /tmp/cc2qxesj.debug.temp.o
 .group         0x00000000        0xc /tmp/cc2qxesj.debug.temp.o
 .group         0x00000000        0xc /tmp/cc2qxesj.debug.temp.o
 .group         0x00000000        0xc /tmp/cc2qxesj.debug.temp.o
 .group         0x00000000        0xc /tmp/cc2qxesj.debug.temp.o
 .group         0x00000000        0xc /tmp/cc2qxesj.debug.temp.o
 .group         0x00000000        0xc /tmp/cc2qxesj.debug.temp.o
 .group         0x00000000        0xc /tmp/cc2qxesj.debug.temp.o
 .group         0x00000000        0xc /tmp/cc2qxesj.debug.temp.o
 .group         0x00000000        0xc /tmp/cc2qxesj.debug.temp.o
 .group         0x00000000        0xc /tmp/cc2qxesj.debug.temp.o
 .group         0x00000000        0xc /tmp/cc2qxesj.debug.temp.o
 .group         0x00000000        0xc /tmp/cc2qxesj.debug.temp.o
 .group         0x00000000        0xc /tmp/cc2qxesj.debug.temp.o
 .group         0x00000000        0xc /tmp/cc2qxesj.debug.temp.o
 .group         0x00000000        0xc /tmp/cc2qxesj.debug.temp.o
 .group         0x00000000        0xc /tmp/cc2qxesj.debug.temp.o
 .group         0x00000000        0xc /tmp/cc2qxesj.debug.temp.o
 .group         0x00000000        0xc /tmp/cc2qxesj.debug.temp.o
 .group         0x00000000        0xc /tmp/cc2qxesj.debug.temp.o
 .group         0x00000000        0xc /tmp/cc2qxesj.debug.temp.o
 .group         0x00000000        0xc /tmp/cc2qxesj.debug.temp.o
 .group         0x00000000        0xc /tmp/cc2qxesj.debug.temp.o
 .group         0x00000000        0xc /tmp/cc2qxesj.debug.temp.o
 .group         0x00000000        0xc /tmp/cc2qxesj.debug.temp.o
 .group         0x00000000        0xc /tmp/cc2qxesj.debug.temp.o
 .group         0x00000000        0xc /tmp/cc2qxesj.debug.temp.o
 .group         0x00000000        0xc /tmp/cc2qxesj.debug.temp.o
 .group         0x00000000        0xc /tmp/cc2qxesj.debug.temp.o
 .group         0x00000000        0xc /tmp/cc2qxesj.debug.temp.o
 .group         0x00000000        0xc /tmp/cc2qxesj.debug.temp.o
 .group         0x00000000        0xc /tmp/cc2qxesj.debug.temp.o
 .group         0x00000000        0xc /tmp/cc2qxesj.debug.temp.o
 .group         0x00000000        0xc /tmp/cc2qxesj.debug.temp.o
 .group         0x00000000        0xc /tmp/cc2qxesj.debug.temp.o
 .group         0x00000000        0xc /tmp/cc2qxesj.debug.temp.o
 .group         0x00000000        0xc /tmp/cc2qxesj.debug.temp.o
 .group         0x00000000        0xc /tmp/cc2qxesj.debug.temp.o
 .group         0x00000000        0xc /tmp/cc2qxesj.debug.temp.o
 .group         0x00000000        0xc /tmp/cc2qxesj.debug.temp.o
 .group         0x00000000        0xc /tmp/cc2qxesj.debug.temp.o
 .group         0x00000000        0xc /tmp/cc2qxesj.debug.temp.o
 .group         0x00000000        0xc /tmp/cc2qxesj.debug.temp.o
 .group         0x00000000        0xc /tmp/cc2qxesj.debug.temp.o
 .group         0x00000000        0xc /tmp/cc2qxesj.debug.temp.o
 .group         0x00000000        0xc /tmp/cc2qxesj.debug.temp.o
 .group         0x00000000        0xc /tmp/cc2qxesj.debug.temp.o
 .group         0x00000000        0xc /tmp/cc2qxesj.debug.temp.o
 .group         0x00000000        0xc /tmp/cc2qxesj.debug.temp.o
 .group         0x00000000        0xc /tmp/cc2qxesj.debug.temp.o
 .debug_macro   0x00000000      0xd96 /tmp/cc2qxesj.debug.temp.o
 .debug_macro   0x00000000       0x1c /tmp/cc2qxesj.debug.temp.o
 .debug_macro   0x00000000      0x1c9 /tmp/cc2qxesj.debug.temp.o
 .debug_macro   0x00000000      0x1f2 /tmp/cc2qxesj.debug.temp.o
 .debug_macro   0x00000000      0x26c /tmp/cc2qxesj.debug.temp.o
 .debug_macro   0x00000000       0xaa /tmp/cc2qxesj.debug.temp.o
 .debug_macro   0x00000000       0x1c /tmp/cc2qxesj.debug.temp.o
 .debug_macro   0x00000000       0x18 /tmp/cc2qxesj.debug.temp.o
 .debug_macro   0x00000000       0x4f /tmp/cc2qxesj.debug.temp.o
 .debug_macro   0x00000000       0x25 /tmp/cc2qxesj.debug.temp.o
 .debug_macro   0x00000000       0x1f /tmp/cc2qxesj.debug.temp.o
 .debug_macro   0x00000000       0x11 /tmp/cc2qxesj.debug.temp.o
 .debug_macro   0x00000000       0x17 /tmp/cc2qxesj.debug.temp.o
 .debug_macro   0x00000000       0x10 /tmp/cc2qxesj.debug.temp.o
 .debug_macro   0x00000000       0x28 /tmp/cc2qxesj.debug.temp.o
 .debug_macro   0x00000000       0x2e /tmp/cc2qxesj.debug.temp.o
 .debug_macro   0x00000000       0x16 /tmp/cc2qxesj.debug.temp.o
 .debug_macro   0x00000000       0x19 /tmp/cc2qxesj.debug.temp.o
 .debug_macro   0x00000000       0x20 /tmp/cc2qxesj.debug.temp.o
 .debug_macro   0x00000000       0x88 /tmp/cc2qxesj.debug.temp.o
 .debug_macro   0x00000000       0x2b /tmp/cc2qxesj.debug.temp.o
 .debug_macro   0x00000000       0x19 /tmp/cc2qxesj.debug.temp.o
 .debug_macro   0x00000000       0x18 /tmp/cc2qxesj.debug.temp.o
 .debug_macro   0x00000000       0xac /tmp/cc2qxesj.debug.temp.o
 .debug_macro   0x00000000       0x16 /tmp/cc2qxesj.debug.temp.o
 .debug_macro   0x00000000       0x9e /tmp/cc2qxesj.debug.temp.o
 .debug_macro   0x00000000       0x16 /tmp/cc2qxesj.debug.temp.o
 .debug_macro   0x00000000       0x16 /tmp/cc2qxesj.debug.temp.o
 .debug_macro   0x00000000       0x10 /tmp/cc2qxesj.debug.temp.o
 .debug_macro   0x00000000      0x302 /tmp/cc2qxesj.debug.temp.o
 .debug_macro   0x00000000       0x9e /tmp/cc2qxesj.debug.temp.o
 .debug_macro   0x00000000      0x7dd /tmp/cc2qxesj.debug.temp.o
 .debug_macro   0x00000000       0xd6 /tmp/cc2qxesj.debug.temp.o
 .debug_macro   0x00000000       0xc2 /tmp/cc2qxesj.debug.temp.o
 .debug_macro   0x00000000       0xbd /tmp/cc2qxesj.debug.temp.o
 .debug_macro   0x00000000       0x34 /tmp/cc2qxesj.debug.temp.o
 .debug_macro   0x00000000       0x18 /tmp/cc2qxesj.debug.temp.o
 .debug_macro   0x00000000       0x34 /tmp/cc2qxesj.debug.temp.o
 .debug_macro   0x00000000       0x10 /tmp/cc2qxesj.debug.temp.o
 .debug_macro   0x00000000       0x64 /tmp/cc2qxesj.debug.temp.o
 .debug_macro   0x00000000       0x1c /tmp/cc2qxesj.debug.temp.o
 .debug_macro   0x00000000       0x9e /tmp/cc2qxesj.debug.temp.o
 .debug_macro   0x00000000       0x53 /tmp/cc2qxesj.debug.temp.o
 .debug_macro   0x00000000       0x2e /tmp/cc2qxesj.debug.temp.o
 .debug_macro   0x00000000       0x10 /tmp/cc2qxesj.debug.temp.o
 .debug_macro   0x00000000       0x12 /tmp/cc2qxesj.debug.temp.o
 .debug_macro   0x00000000       0xc6 /tmp/cc2qxesj.debug.temp.o
 .debug_macro   0x00000000       0x22 /tmp/cc2qxesj.debug.temp.o
 .debug_macro   0x00000000      0x150 /tmp/cc2qxesj.debug.temp.o
 .comment       0x00000000       0x13 /tmp/cc2qxesj.debug.temp.o
 .text          0x00000000        0x0 /opt/AVR/root/lib/gcc/avr/13.2.0/avr25/libgcc.a(_exit.o)
 .data          0x00000000        0x0 /opt/AVR/root/lib/gcc/avr/13.2.0/avr25/libgcc.a(_exit.o)
 .bss           0x00000000        0x0 /opt/AVR/root/lib/gcc/avr/13.2.0/avr25/libgcc.a(_exit.o)
 .text.libgcc.mul
                0x00000000        0x0 /opt/AVR/root/lib/gcc/avr/13.2.0/avr25/libgcc.a(_exit.o)
 .text.libgcc.div
                0x00000000        0x0 /opt/AVR/root/lib/gcc/avr/13.2.0/avr25/libgcc.a(_exit.o)
 .text.libgcc   0x00000000        0x0 /opt/AVR/root/lib/gcc/avr/13.2.0/avr25/libgcc.a(_exit.o)
 .text.libgcc.prologue
                0x00000000        0x0 /opt/AVR/root/lib/gcc/avr/13.2.0/avr25/libgcc.a(_exit.o)
 .text.libgcc.builtins
                0x00000000        0x0 /opt/AVR/root/lib/gcc/avr/13.2.0/avr25/libgcc.a(_exit.o)
 .text.libgcc.fmul
                0x00000000        0x0 /opt/AVR/root/lib/gcc/avr/13.2.0/avr25/libgcc.a(_exit.o)
 .text.libgcc.fixed
                0x00000000        0x0 /opt/AVR/root/lib/gcc/avr/13.2.0/avr25/libgcc.a(_exit.o)
 .text          0x00000000        0x0 /opt/AVR/root/lib/gcc/avr/13.2.0/avr25/libgcc.a(_mulhi3.o)
 .data          0x00000000        0x0 /opt/AVR/root/lib/gcc/avr/13.2.0/avr25/libgcc.a(_mulhi3.o)
 .bss           0x00000000        0x0 /opt/AVR/root/lib/gcc/avr/13.2.0/avr25/libgcc.a(_mulhi3.o)
 .text.libgcc.div
                0x00000000        0x0 /opt/AVR/root/lib/gcc/avr/13.2.0/avr25/libgcc.a(_mulhi3.o)
 .text.libgcc   0x00000000        0x0 /opt/AVR/root/lib/gcc/avr/13.2.0/avr25/libgcc.a(_mulhi3.o)
 .text.libgcc.prologue
                0x00000000        0x0 /opt/AVR/root/lib/gcc/avr/13.2.0/avr25/libgcc.a(_mulhi3.o)
 .text.libgcc.builtins
                0x00000000        0x0 /opt/AVR/root/lib/gcc/avr/13.2.0/avr25/libgcc.a(_mulhi3.o)
 .text.libgcc.fmul
                0x00000000        0x0 /opt/AVR/root/lib/gcc/avr/13.2.0/avr25/libgcc.a(_mulhi3.o)
 .text.libgcc.fixed
                0x00000000        0x0 /opt/AVR/root/lib/gcc/avr/13.2.0/avr25/libgcc.a(_mulhi3.o)
 .text          0x00000000        0x0 /opt/AVR/root/lib/gcc/avr/13.2.0/avr25/libgcc.a(_clear_bss.o)
 .data          0x00000000        0x0 /opt/AVR/root/lib/gcc/avr/13.2.0/avr25/libgcc.a(_clear_bss.o)
 .bss           0x00000000        0x0 /opt/AVR/root/lib/gcc/avr/13.2.0/avr25/libgcc.a(_clear_bss.o)
 .text.libgcc.mul
                0x00000000        0x0 /opt/AVR/root/lib/gcc/avr/13.2.0/avr25/libgcc.a(_clear_bss.o)
 .text.libgcc.div
                0x00000000        0x0 /opt/AVR/root/lib/gcc/avr/13.2.0/avr25/libgcc.a(_clear_bss.o)
 .text.libgcc   0x00000000        0x0 /opt/AVR/root/lib/gcc/avr/13.2.0/avr25/libgcc.a(_clear_bss.o)
 .text.libgcc.prologue
                0x00000000        0x0 /opt/AVR/root/lib/gcc/avr/13.2.0/avr25/libgcc.a(_clear_bss.o)
 .text.libgcc.builtins
                0x00000000        0x0 /opt/AVR/root/lib/gcc/avr/13.2.0/avr25/libgcc.a(_clear_bss.o)
 .text.libgcc.fmul
                0x00000000        0x0 /opt/AVR/root/lib/gcc/avr/13.2.0/avr25/libgcc.a(_clear_bss.o)
 .text.libgcc.fixed
                0x00000000        0x0 /opt/AVR/root/lib/gcc/avr/13.2.0/avr25/libgcc.a(_clear_bss.o)
 .text          0x00000000        0x0 /opt/AVR/root/lib/gcc/avr/13.2.0/avr25/libgcc.a(_ctors.o)
 .data          0x00000000        0x0 /opt/AVR/root/lib/gcc/avr/13.2.0/avr25/libgcc.a(_ctors.o)
 .bss           0x00000000        0x0 /opt/AVR/root/lib/gcc/avr/13.2.0/avr25/libgcc.a(_ctors.o)
 .text.libgcc.mul
                0x00000000        0x0 /opt/AVR/root/lib/gcc/avr/13.2.0/avr25/libgcc.a(_ctors.o)
 .text.libgcc.div
                0x00000000        0x0 /opt/AVR/root/lib/gcc/avr/13.2.0/avr25/libgcc.a(_ctors.o)
 .text.libgcc   0x00000000        0x0 /opt/AVR/root/lib/gcc/avr/13.2.0/avr25/libgcc.a(_ctors.o)
 .text.libgcc.prologue
                0x00000000        0x0 /opt/AVR/root/lib/gcc/avr/13.2.0/avr25/libgcc.a(_ctors.o)
 .text.libgcc.builtins
                0x00000000        0x0 /opt/AVR/root/lib/gcc/avr/13.2.0/avr25/libgcc.a(_ctors.o)
 .text.libgcc.fmul
                0x00000000        0x0 /opt/AVR/root/lib/gcc/avr/13.2.0/avr25/libgcc.a(_ctors.o)
 .text.libgcc.fixed
                0x00000000        0x0 /opt/AVR/root/lib/gcc/avr/13.2.0/avr25/libgcc.a(_ctors.o)
 .text          0x00000000        0x0 /opt/AVR/root/lib/gcc/avr/13.2.0/avr25/libgcc.a(_tablejump2.o)
 .data          0x00000000        0x0 /opt/AVR/root/lib/gcc/avr/13.2.0/avr25/libgcc.a(_tablejump2.o)
 .bss           0x00000000        0x0 /opt/AVR/root/lib/gcc/avr/13.2.0/avr25/libgcc.a(_tablejump2.o)
 .text.libgcc.mul
                0x00000000        0x0 /opt/AVR/root/lib/gcc/avr/13.2.0/avr25/libgcc.a(_tablejump2.o)
 .text.libgcc.div
                0x00000000        0x0 /opt/AVR/root/lib/gcc/avr/13.2.0/avr25/libgcc.a(_tablejump2.o)
 .text.libgcc.prologue
                0x00000000        0x0 /opt/AVR/root/lib/gcc/avr/13.2.0/avr25/libgcc.a(_tablejump2.o)
 .text.libgcc.builtins
                0x00000000        0x0 /opt/AVR/root/lib/gcc/avr/13.2.0/avr25/libgcc.a(_tablejump2.o)
 .text.libgcc.fmul
                0x00000000        0x0 /opt/AVR/root/lib/gcc/avr/13.2.0/avr25/libgcc.a(_tablejump2.o)
 .text.libgcc.fixed
                0x00000000        0x0 /opt/AVR/root/lib/gcc/avr/13.2.0/avr25/libgcc.a(_tablejump2.o)
 .text          0x00000000        0x0 /opt/AVR/root/lib/gcc/avr/13.2.0/../../../../avr/lib/avr25/libc.a(memcpy_P.o)
 .data          0x00000000        0x0 /opt/AVR/root/lib/gcc/avr/13.2.0/../../../../avr/lib/avr25/libc.a(memcpy_P.o)
 .bss           0x00000000        0x0 /opt/AVR/root/lib/gcc/avr/13.2.0/../../../../avr/lib/avr25/libc.a(memcpy_P.o)
 .text          0x00000000        0x0 /opt/AVR/root/lib/gcc/avr/13.2.0/../../../../avr/lib/avr25/libm.a(addsf3.o)
 .data          0x00000000        0x0 /opt/AVR/root/lib/gcc/avr/13.2.0/../../../../avr/lib/avr25/libm.a(addsf3.o)
 .bss           0x00000000        0x0 /opt/AVR/root/lib/gcc/avr/13.2.0/../../../../avr/lib/avr25/libm.a(addsf3.o)
 .text          0x00000000        0x0 /opt/AVR/root/lib/gcc/avr/13.2.0/../../../../avr/lib/avr25/libm.a(addsf3x.o)
 .data          0x00000000        0x0 /opt/AVR/root/lib/gcc/avr/13.2.0/../../../../avr/lib/avr25/libm.a(addsf3x.o)
 .bss           0x00000000        0x0 /opt/AVR/root/lib/gcc/avr/13.2.0/../../../../avr/lib/avr25/libm.a(addsf3x.o)
 .text          0x00000000        0x0 /opt/AVR/root/lib/gcc/avr/13.2.0/../../../../avr/lib/avr25/libm.a(fixunssfsi.o)
 .data          0x00000000        0x0 /opt/AVR/root/lib/gcc/avr/13.2.0/../../../../avr/lib/avr25/libm.a(fixunssfsi.o)
 .bss           0x00000000        0x0 /opt/AVR/root/lib/gcc/avr/13.2.0/../../../../avr/lib/avr25/libm.a(fixunssfsi.o)
 .text          0x00000000        0x0 /opt/AVR/root/lib/gcc/avr/13.2.0/../../../../avr/lib/avr25/libm.a(floatsisf.o)
 .data          0x00000000        0x0 /opt/AVR/root/lib/gcc/avr/13.2.0/../../../../avr/lib/avr25/libm.a(floatsisf.o)
 .bss           0x00000000        0x0 /opt/AVR/root/lib/gcc/avr/13.2.0/../../../../avr/lib/avr25/libm.a(floatsisf.o)
 .text          0x00000000        0x0 /opt/AVR/root/lib/gcc/avr/13.2.0/../../../../avr/lib/avr25/libm.a(fp_inf.o)
 .data          0x00000000        0x0 /opt/AVR/root/lib/gcc/avr/13.2.0/../../../../avr/lib/avr25/libm.a(fp_inf.o)
 .bss           0x00000000        0x0 /opt/AVR/root/lib/gcc/avr/13.2.0/../../../../avr/lib/avr25/libm.a(fp_inf.o)
 .text          0x00000000        0x0 /opt/AVR/root/lib/gcc/avr/13.2.0/../../../../avr/lib/avr25/libm.a(fp_nan.o)
 .data          0x00000000        0x0 /opt/AVR/root/lib/gcc/avr/13.2.0/../../../../avr/lib/avr25/libm.a(fp_nan.o)
 .bss           0x00000000        0x0 /opt/AVR/root/lib/gcc/avr/13.2.0/../../../../avr/lib/avr25/libm.a(fp_nan.o)
 .text          0x00000000        0x0 /opt/AVR/root/lib/gcc/avr/13.2.0/../../../../avr/lib/avr25/libm.a(fp_pscA.o)
 .data          0x00000000        0x0 /opt/AVR/root/lib/gcc/avr/13.2.0/../../../../avr/lib/avr25/libm.a(fp_pscA.o)
 .bss           0x00000000        0x0 /opt/AVR/root/lib/gcc/avr/13.2.0/../../../../avr/lib/avr25/libm.a(fp_pscA.o)
 .text          0x00000000        0x0 /opt/AVR/root/lib/gcc/avr/13.2.0/../../../../avr/lib/avr25/libm.a(fp_pscB.o)
 .data          0x00000000        0x0 /opt/AVR/root/lib/gcc/avr/13.2.0/../../../../avr/lib/avr25/libm.a(fp_pscB.o)
 .bss           0x00000000        0x0 /opt/AVR/root/lib/gcc/avr/13.2.0/../../../../avr/lib/avr25/libm.a(fp_pscB.o)
 .text          0x00000000        0x0 /opt/AVR/root/lib/gcc/avr/13.2.0/../../../../avr/lib/avr25/libm.a(fp_round.o)
 .data          0x00000000        0x0 /opt/AVR/root/lib/gcc/avr/13.2.0/../../../../avr/lib/avr25/libm.a(fp_round.o)
 .bss           0x00000000        0x0 /opt/AVR/root/lib/gcc/avr/13.2.0/../../../../avr/lib/avr25/libm.a(fp_round.o)
 .text          0x00000000        0x0 /opt/AVR/root/lib/gcc/avr/13.2.0/../../../../avr/lib/avr25/libm.a(fp_split3.o)
 .data          0x00000000        0x0 /opt/AVR/root/lib/gcc/avr/13.2.0/../../../../avr/lib/avr25/libm.a(fp_split3.o)
 .bss           0x00000000        0x0 /opt/AVR/root/lib/gcc/avr/13.2.0/../../../../avr/lib/avr25/libm.a(fp_split3.o)
 .text          0x00000000        0x0 /opt/AVR/root/lib/gcc/avr/13.2.0/../../../../avr/lib/avr25/libm.a(fp_zero.o)
 .data          0x00000000        0x0 /opt/AVR/root/lib/gcc/avr/13.2.0/../../../../avr/lib/avr25/libm.a(fp_zero.o)
 .bss           0x00000000        0x0 /opt/AVR/root/lib/gcc/avr/13.2.0/../../../../avr/lib/avr25/libm.a(fp_zero.o)
 .text          0x00000000        0x0 /opt/AVR/root/lib/gcc/avr/13.2.0/../../../../avr/lib/avr25/libm.a(mulsf3.o)
 .data          0x00000000        0x0 /opt/AVR/root/lib/gcc/avr/13.2.0/../../../../avr/lib/avr25/libm.a(mulsf3.o)
 .bss           0x00000000        0x0 /opt/AVR/root/lib/gcc/avr/13.2.0/../../../../avr/lib/avr25/libm.a(mulsf3.o)
 .text          0x00000000        0x0 /opt/AVR/root/lib/gcc/avr/13.2.0/../../../../avr/lib/avr25/libm.a(mulsf3x.o)
 .data          0x00000000        0x0 /opt/AVR/root/lib/gcc/avr/13.2.0/../../../../avr/lib/avr25/libm.a(mulsf3x.o)
 .bss           0x00000000        0x0 /opt/AVR/root/lib/gcc/avr/13.2.0/../../../../avr/lib/avr25/libm.a(mulsf3x.o)

Memory Configuration

Name             Origin             Length             Attributes
text             0x00000000         0x00002000         xr
data             0x00800060         0x0000ffa0         rw!x
eeprom           0x00810000         0x00010000         rw!x
fuse             0x00820000         0x00000003         rw!x
lock             0x00830000         0x00000400         rw!x
signature        0x00840000         0x00000400         rw!x
user_signatures  0x00850000         0x00000400         rw!x
*default*        0x00000000         0xffffffff

Linker script and memory map

LOAD /opt/AVR/root/lib/gcc/avr/13.2.0/../../../../avr/lib/avr25/crtattiny85.o
LOAD ./eduardino/device/onewire/ds18b20/ds18b20.o
LOAD /tmp/ccoZ0Zc5.ltrans0.ltrans.o
LOAD /tmp/cc0eqW5J.debug.temp.o
LOAD /tmp/ccGM8bOm.debug.temp.o
LOAD /tmp/ccIdfziL.debug.temp.o
LOAD /tmp/cc2qxesj.debug.temp.o
LOAD ./eduardino/device/onewire/onewire.o
LOAD ./eduardino/eduardino.o
LOAD ./main.o
LOAD /opt/AVR/root/lib/gcc/avr/13.2.0/avr25/libgcc.a
LOAD /opt/AVR/root/lib/gcc/avr/13.2.0/../../../../avr/lib/avr25/libm.a
START GROUP
LOAD /opt/AVR/root/lib/gcc/avr/13.2.0/avr25/libgcc.a
LOAD /opt/AVR/root/lib/gcc/avr/13.2.0/../../../../avr/lib/avr25/libm.a
LOAD /opt/AVR/root/lib/gcc/avr/13.2.0/../../../../avr/lib/avr25/libc.a
LOAD /opt/AVR/root/lib/gcc/avr/13.2.0/../../../../avr/lib/avr25/libattiny85.a
END GROUP
                0x00002000                        __TEXT_REGION_LENGTH__ = DEFINED (__TEXT_REGION_LENGTH__)?__TEXT_REGION_LENGTH__:0x2000
                0x00800060                        __DATA_REGION_ORIGIN__ = DEFINED (__DATA_REGION_ORIGIN__)?__DATA_REGION_ORIGIN__:0x800060
                0x0000ffa0                        __DATA_REGION_LENGTH__ = DEFINED (__DATA_REGION_LENGTH__)?__DATA_REGION_LENGTH__:0xffa0
                0x00010000                        __EEPROM_REGION_LENGTH__ = DEFINED (__EEPROM_REGION_LENGTH__)?__EEPROM_REGION_LENGTH__:0x10000
                [0x00000003]                      __FUSE_REGION_LENGTH__ = DEFINED (__FUSE_REGION_LENGTH__)?__FUSE_REGION_LENGTH__:0x400
                0x00000400                        __LOCK_REGION_LENGTH__ = DEFINED (__LOCK_REGION_LENGTH__)?__LOCK_REGION_LENGTH__:0x400
                0x00000400                        __SIGNATURE_REGION_LENGTH__ = DEFINED (__SIGNATURE_REGION_LENGTH__)?__SIGNATURE_REGION_LENGTH__:0x400
                0x00000400                        __USER_SIGNATURE_REGION_LENGTH__ = DEFINED (__USER_SIGNATURE_REGION_LENGTH__)?__USER_SIGNATURE_REGION_LENGTH__:0x400

.hash
 *(.hash)

.dynsym
 *(.dynsym)

.dynstr
 *(.dynstr)

.gnu.version
 *(.gnu.version)

.gnu.version_d
 *(.gnu.version_d)

.gnu.version_r
 *(.gnu.version_r)

.rel.init
 *(.rel.init)

.rela.init
 *(.rela.init)

.rel.text
 *(.rel.text)
 *(.rel.text.*)
 *(.rel.gnu.linkonce.t*)

.rela.text
 *(.rela.text)
 *(.rela.text.*)
 *(.rela.gnu.linkonce.t*)

.rel.fini
 *(.rel.fini)

.rela.fini
 *(.rela.fini)

.rel.rodata
 *(.rel.rodata)
 *(.rel.rodata.*)
 *(.rel.gnu.linkonce.r*)

.rela.rodata
 *(.rela.rodata)
 *(.rela.rodata.*)
 *(.rela.gnu.linkonce.r*)

.rel.data
 *(.rel.data)
 *(.rel.data.*)
 *(.rel.gnu.linkonce.d*)

.rela.data
 *(.rela.data)
 *(.rela.data.*)
 *(.rela.gnu.linkonce.d*)

.rel.ctors
 *(.rel.ctors)

.rela.ctors
 *(.rela.ctors)

.rel.dtors
 *(.rel.dtors)

.rela.dtors
 *(.rela.dtors)

.rel.got
 *(.rel.got)

.rela.got
 *(.rela.got)

.rel.bss
 *(.rel.bss)

.rela.bss
 *(.rela.bss)

.rel.plt
 *(.rel.plt)

.rela.plt
 *(.rela.plt)

.text           0x00000000      0x96c
 *(.vectors)
 .vectors       0x00000000       0x1e /opt/AVR/root/lib/gcc/avr/13.2.0/../../../../avr/lib/avr25/crtattiny85.o
                0x00000000                __vectors
                0x00000000                __vector_default
 *(.vectors)
 *(.progmem.gcc*)
                0x0000001e                        . = ALIGN (0x2)
                0x0000001e                        __trampolines_start = .
 *(.trampolines)
 .trampolines   0x0000001e        0x0 linker stubs
 *(.trampolines*)
                0x0000001e                        __trampolines_end = .
 *libprintf_flt.a:*(.progmem.data)
 *libc.a:*(.progmem.data)
 *(.progmem.*)
 .progmem.data  0x0000001e       0xb8 /tmp/ccoZ0Zc5.ltrans0.ltrans.o
                0x000000d6                        . = ALIGN (0x2)
 *(.lowtext)
 *(.lowtext*)
                0x000000d6                        __ctors_start = .
 *(.ctors)
 .ctors         0x000000d6        0x2 /tmp/ccoZ0Zc5.ltrans0.ltrans.o
                0x000000d8                        __ctors_end = .
                0x000000d8                        __dtors_start = .
 *(.dtors)
                0x000000d8                        __dtors_end = .
 SORT_BY_NAME(*)(.ctors)
 SORT_BY_NAME(*)(.dtors)
 *(.init0)
 .init0         0x000000d8        0x0 /opt/AVR/root/lib/gcc/avr/13.2.0/../../../../avr/lib/avr25/crtattiny85.o
                0x000000d8                __init
 *(.init0)
 *(.init1)
 *(.init1)
 *(.init2)
 .init2         0x000000d8        0xc /opt/AVR/root/lib/gcc/avr/13.2.0/../../../../avr/lib/avr25/crtattiny85.o
 *(.init2)
 *(.init3)
 *(.init3)
 *(.init4)
 .init4         0x000000e4       0x10 /opt/AVR/root/lib/gcc/avr/13.2.0/avr25/libgcc.a(_clear_bss.o)
                0x000000e4                __do_clear_bss
 *(.init4)
 *(.init5)
 *(.init5)
 *(.init6)
 .init6         0x000000f4       0x14 /opt/AVR/root/lib/gcc/avr/13.2.0/avr25/libgcc.a(_ctors.o)
                0x000000f4                __do_global_ctors
 *(.init6)
 *(.init7)
 *(.init7)
 *(.init8)
 *(.init8)
 *(.init9)
 .init9         0x00000108        0x4 /opt/AVR/root/lib/gcc/avr/13.2.0/../../../../avr/lib/avr25/crtattiny85.o
 *(.init9)
 *(.text)
 .text          0x0000010c        0x2 /opt/AVR/root/lib/gcc/avr/13.2.0/../../../../avr/lib/avr25/crtattiny85.o
                0x0000010c                __vector_1
                0x0000010c                __vector_12
                0x0000010c                __bad_interrupt
                0x0000010c                __vector_6
                0x0000010c                __vector_3
                0x0000010c                __vector_11
                0x0000010c                __vector_13
                0x0000010c                __vector_7
                0x0000010c                __vector_5
                0x0000010c                __vector_4
                0x0000010c                __vector_9
                0x0000010c                __vector_2
                0x0000010c                __vector_8
                0x0000010c                __vector_14
                0x0000010c                __vector_10
 .text          0x0000010e      0x106 /tmp/ccoZ0Zc5.ltrans0.ltrans.o
                0x00000214                        . = ALIGN (0x2)
 *(.text.*)
 .text.startup  0x00000214      0x400 /tmp/ccoZ0Zc5.ltrans0.ltrans.o
                0x00000214                main
 .text.libgcc.mul
                0x00000614       0x22 /opt/AVR/root/lib/gcc/avr/13.2.0/avr25/libgcc.a(_mulhi3.o)
                0x00000614                __mulhi3
 .text.libgcc   0x00000636        0xc /opt/AVR/root/lib/gcc/avr/13.2.0/avr25/libgcc.a(_tablejump2.o)
                0x00000636                __tablejump2__
 .text.avr-libc
                0x00000642       0x12 /opt/AVR/root/lib/gcc/avr/13.2.0/../../../../avr/lib/avr25/libc.a(memcpy_P.o)
                0x00000642                memcpy_P
 .text.avr-libc.fplib
                0x00000654        0xa /opt/AVR/root/lib/gcc/avr/13.2.0/../../../../avr/lib/avr25/libm.a(addsf3.o)
                0x00000654                __subsf3
                0x00000656                __addsf3
 .text.avr-libc.fplib
                0x0000065e       0xc0 /opt/AVR/root/lib/gcc/avr/13.2.0/../../../../avr/lib/avr25/libm.a(addsf3x.o)
                0x00000678                __addsf3x
 .text.avr-libc.fplib
                0x0000071e       0x58 /opt/AVR/root/lib/gcc/avr/13.2.0/../../../../avr/lib/avr25/libm.a(fixunssfsi.o)
                0x0000071e                __fixunssfsi
 .text.avr-libc.fplib
                0x00000776       0x7a /opt/AVR/root/lib/gcc/avr/13.2.0/../../../../avr/lib/avr25/libm.a(floatsisf.o)
                0x00000776                __floatunsisf
                0x0000077a                __floatsisf
 .text.avr-libc.fplib
                0x000007f0        0xc /opt/AVR/root/lib/gcc/avr/13.2.0/../../../../avr/lib/avr25/libm.a(fp_inf.o)
                0x000007f0                __fp_inf
 .text.avr-libc.fplib
                0x000007fc        0x6 /opt/AVR/root/lib/gcc/avr/13.2.0/../../../../avr/lib/avr25/libm.a(fp_nan.o)
                0x000007fc                __fp_nan
 .text.avr-libc.fplib
                0x00000802        0xe /opt/AVR/root/lib/gcc/avr/13.2.0/../../../../avr/lib/avr25/libm.a(fp_pscA.o)
                0x00000802                __fp_pscA
 .text.avr-libc.fplib
                0x00000810        0xe /opt/AVR/root/lib/gcc/avr/13.2.0/../../../../avr/lib/avr25/libm.a(fp_pscB.o)
                0x00000810                __fp_pscB
 .text.avr-libc.fplib
                0x0000081e       0x22 /opt/AVR/root/lib/gcc/avr/13.2.0/../../../../avr/lib/avr25/libm.a(fp_round.o)
                0x0000081e                __fp_round
 .text.avr-libc.fplib
                0x00000840       0x44 /opt/AVR/root/lib/gcc/avr/13.2.0/../../../../avr/lib/avr25/libm.a(fp_split3.o)
                0x00000840                __fp_split3
                0x00000850                __fp_splitA
 .text.avr-libc.fplib
                0x00000884        0xe /opt/AVR/root/lib/gcc/avr/13.2.0/../../../../avr/lib/avr25/libm.a(fp_zero.o)
                0x00000884                __fp_zero
                0x00000886                __fp_szero
 .text.avr-libc.fplib
                0x00000892        0x4 /opt/AVR/root/lib/gcc/avr/13.2.0/../../../../avr/lib/avr25/libm.a(mulsf3.o)
                0x00000892                __mulsf3
 .text.avr-libc.fplib
                0x00000896       0xd2 /opt/AVR/root/lib/gcc/avr/13.2.0/../../../../avr/lib/avr25/libm.a(mulsf3x.o)
                0x000008a8                __mulsf3x
                0x000008ac                __mulsf3_pse
                0x00000968                        . = ALIGN (0x2)
 *(.fini9)
 .fini9         0x00000968        0x0 /opt/AVR/root/lib/gcc/avr/13.2.0/avr25/libgcc.a(_exit.o)
                0x00000968                exit
                0x00000968                _exit
 *(.fini9)
 *(.fini8)
 *(.fini8)
 *(.fini7)
 *(.fini7)
 *(.fini6)
 *(.fini6)
 *(.fini5)
 *(.fini5)
 *(.fini4)
 *(.fini4)
 *(.fini3)
 *(.fini3)
 *(.fini2)
 *(.fini2)
 *(.fini1)
 *(.fini1)
 *(.fini0)
 .fini0         0x00000968        0x4 /opt/AVR/root/lib/gcc/avr/13.2.0/avr25/libgcc.a(_exit.o)
 *(.fini0)
 *(.hightext)
 *(.hightext*)
 *(.progmemx.*)
                0x0000096c                        . = ALIGN (0x2)
 *(.jumptables)
 *(.jumptables*)
                0x0000096c                        _etext = .

.data           0x00800060        0x0 load address 0x0000096c
                [!provide]                        PROVIDE (__data_start = .)
 *(.data)
 *(.data*)
 *(.gnu.linkonce.d*)
 *(.rodata)
 *(.rodata*)
 *(.gnu.linkonce.r*)
                0x00800060                        . = ALIGN (0x2)
                0x00800060                        _edata = .
                [!provide]                        PROVIDE (__data_end = .)

.bss            0x00800060       0x1f
                0x00800060                        PROVIDE (__bss_start = .)
 *(.bss)
 .bss           0x00800060       0x1f /tmp/ccoZ0Zc5.ltrans0.ltrans.o
 *(.bss*)
 *(COMMON)
                0x0080007f                        PROVIDE (__bss_end = .)
                0x0000096c                        __data_load_start = LOADADDR (.data)
                0x0000096c                        __data_load_end = (__data_load_start + SIZEOF (.data))

.noinit         0x0080007f        0x0
                [!provide]                        PROVIDE (__noinit_start = .)
 *(.noinit .noinit.* .gnu.linkonce.n.*)
                [!provide]                        PROVIDE (__noinit_end = .)
                0x0080007f                        _end = .
                [!provide]                        PROVIDE (__heap_start = .)

.eeprom         0x00810000        0x0
 *(.eeprom*)
                0x00810000                        __eeprom_end = .

.fuse
 *(.fuse)
 *(.lfuse)
 *(.hfuse)
 *(.efuse)

.lock
 *(.lock*)

.signature
 *(.signature*)

.stab
 *(.stab)

.stabstr
 *(.stabstr)

.stab.excl
 *(.stab.excl)

.stab.exclstr
 *(.stab.exclstr)

.stab.index
 *(.stab.index)

.stab.indexstr
 *(.stab.indexstr)

.comment        0x00000000       0x12
 *(.comment)
 .comment       0x00000000       0x12 /tmp/ccoZ0Zc5.ltrans0.ltrans.o
                                 0x13 (size before relaxing)

.note.gnu.avr.deviceinfo
                0x00000000       0x3c
 .note.gnu.avr.deviceinfo
                0x00000000       0x3c /opt/AVR/root/lib/gcc/avr/13.2.0/../../../../avr/lib/avr25/crtattiny85.o

.gnu.build.attributes
 *(.gnu.build.attributes .gnu.build.attributes.*)

.note.gnu.build-id
 *(.note.gnu.build-id)

.debug
 *(.debug)

.line
 *(.line)

.debug_srcinfo
 *(.debug_srcinfo)

.debug_sfnames
 *(.debug_sfnames)

.debug_aranges  0x00000000       0xc8
 *(.debug_aranges)
 .debug_aranges
                0x00000000       0x28 /tmp/ccoZ0Zc5.ltrans0.ltrans.o
 .debug_aranges
                0x00000028       0x20 /opt/AVR/root/lib/gcc/avr/13.2.0/avr25/libgcc.a(_exit.o)
 .debug_aranges
                0x00000048       0x20 /opt/AVR/root/lib/gcc/avr/13.2.0/avr25/libgcc.a(_mulhi3.o)
 .debug_aranges
                0x00000068       0x20 /opt/AVR/root/lib/gcc/avr/13.2.0/avr25/libgcc.a(_clear_bss.o)
 .debug_aranges
                0x00000088       0x20 /opt/AVR/root/lib/gcc/avr/13.2.0/avr25/libgcc.a(_ctors.o)
 .debug_aranges
                0x000000a8       0x20 /opt/AVR/root/lib/gcc/avr/13.2.0/avr25/libgcc.a(_tablejump2.o)

.debug_pubnames
 *(.debug_pubnames)

.debug_info     0x00000000     0xe350
 *(.debug_info .gnu.linkonce.wi.*)
 .debug_info    0x00000000      0x420 /opt/AVR/root/lib/gcc/avr/13.2.0/../../../../avr/lib/avr25/crtattiny85.o
 .debug_info    0x00000420     0x1988 /tmp/ccoZ0Zc5.ltrans0.ltrans.o
 .debug_info    0x00001da8     0x315f /tmp/cc0eqW5J.debug.temp.o
                0x00001da8                ds18b20.cpp.39e812ee
 .debug_info    0x00004f07     0x35f7 /tmp/ccGM8bOm.debug.temp.o
                0x00004f07                onewire.cpp.b28de6be
 .debug_info    0x000084fe     0x2289 /tmp/ccIdfziL.debug.temp.o
                0x000084fe                eduardino.cpp.6d3a7596
 .debug_info    0x0000a787     0x3b15 /tmp/cc2qxesj.debug.temp.o
                0x0000a787                main.cpp.2076527a
 .debug_info    0x0000e29c       0x24 /opt/AVR/root/lib/gcc/avr/13.2.0/avr25/libgcc.a(_exit.o)
 .debug_info    0x0000e2c0       0x24 /opt/AVR/root/lib/gcc/avr/13.2.0/avr25/libgcc.a(_mulhi3.o)
 .debug_info    0x0000e2e4       0x24 /opt/AVR/root/lib/gcc/avr/13.2.0/avr25/libgcc.a(_clear_bss.o)
 .debug_info    0x0000e308       0x24 /opt/AVR/root/lib/gcc/avr/13.2.0/avr25/libgcc.a(_ctors.o)
 .debug_info    0x0000e32c       0x24 /opt/AVR/root/lib/gcc/avr/13.2.0/avr25/libgcc.a(_tablejump2.o)

.debug_abbrev   0x00000000     0x1a7b
 *(.debug_abbrev)
 .debug_abbrev  0x00000000      0x3e8 /opt/AVR/root/lib/gcc/avr/13.2.0/../../../../avr/lib/avr25/crtattiny85.o
 .debug_abbrev  0x000003e8      0x177 /tmp/ccoZ0Zc5.ltrans0.ltrans.o
 .debug_abbrev  0x0000055f      0x564 /tmp/cc0eqW5J.debug.temp.o
 .debug_abbrev  0x00000ac3      0x57b /tmp/ccGM8bOm.debug.temp.o
 .debug_abbrev  0x0000103e      0x3c3 /tmp/ccIdfziL.debug.temp.o
 .debug_abbrev  0x00001401      0x616 /tmp/cc2qxesj.debug.temp.o
 .debug_abbrev  0x00001a17       0x14 /opt/AVR/root/lib/gcc/avr/13.2.0/avr25/libgcc.a(_exit.o)
 .debug_abbrev  0x00001a2b       0x14 /opt/AVR/root/lib/gcc/avr/13.2.0/avr25/libgcc.a(_mulhi3.o)
 .debug_abbrev  0x00001a3f       0x14 /opt/AVR/root/lib/gcc/avr/13.2.0/avr25/libgcc.a(_clear_bss.o)
 .debug_abbrev  0x00001a53       0x14 /opt/AVR/root/lib/gcc/avr/13.2.0/avr25/libgcc.a(_ctors.o)
 .debug_abbrev  0x00001a67       0x14 /opt/AVR/root/lib/gcc/avr/13.2.0/avr25/libgcc.a(_tablejump2.o)

.debug_line     0x00000000     0x1810
 *(.debug_line .debug_line.* .debug_line_end)
 .debug_line    0x00000000       0x1a /opt/AVR/root/lib/gcc/avr/13.2.0/../../../../avr/lib/avr25/crtattiny85.o
 .debug_line    0x0000001a      0xee0 /tmp/ccoZ0Zc5.ltrans0.ltrans.o
 .debug_line    0x00000efa      0x1af /tmp/cc0eqW5J.debug.temp.o
 .debug_line    0x000010a9      0x1a6 /tmp/ccGM8bOm.debug.temp.o
 .debug_line    0x0000124f      0x197 /tmp/ccIdfziL.debug.temp.o
 .debug_line    0x000013e6      0x1cf /tmp/cc2qxesj.debug.temp.o
 .debug_line    0x000015b5       0x51 /opt/AVR/root/lib/gcc/avr/13.2.0/avr25/libgcc.a(_exit.o)
 .debug_line    0x00001606       0xab /opt/AVR/root/lib/gcc/avr/13.2.0/avr25/libgcc.a(_mulhi3.o)
 .debug_line    0x000016b1       0x75 /opt/AVR/root/lib/gcc/avr/13.2.0/avr25/libgcc.a(_clear_bss.o)
 .debug_line    0x00001726       0x81 /opt/AVR/root/lib/gcc/avr/13.2.0/avr25/libgcc.a(_ctors.o)
 .debug_line    0x000017a7       0x69 /opt/AVR/root/lib/gcc/avr/13.2.0/avr25/libgcc.a(_tablejump2.o)

.debug_frame    0x00000000       0xb0
 *(.debug_frame)
 .debug_frame   0x00000000       0xb0 /tmp/ccoZ0Zc5.ltrans0.ltrans.o

.debug_str      0x00000000     0xfe16
 *(.debug_str)
 .debug_str     0x00000000      0x16c /opt/AVR/root/lib/gcc/avr/13.2.0/../../../../avr/lib/avr25/crtattiny85.o
 .debug_str     0x0000016c      0x11b /tmp/ccoZ0Zc5.ltrans0.ltrans.o
 .debug_str     0x0000016c     0xee60 /tmp/cc0eqW5J.debug.temp.o
 .debug_str     0x0000016c     0xf0f7 /tmp/ccGM8bOm.debug.temp.o
 .debug_str     0x0000016c     0xe40e /tmp/ccIdfziL.debug.temp.o
 .debug_str     0x0000016c     0xf70f /tmp/cc2qxesj.debug.temp.o
 .debug_str     0x0000016c     0xfcaa /opt/AVR/root/lib/gcc/avr/13.2.0/avr25/libgcc.a(_exit.o)
                                 0x6a (size before relaxing)
 .debug_str     0x0000fe16       0x6a /opt/AVR/root/lib/gcc/avr/13.2.0/avr25/libgcc.a(_mulhi3.o)
 .debug_str     0x0000fe16       0x6a /opt/AVR/root/lib/gcc/avr/13.2.0/avr25/libgcc.a(_clear_bss.o)
 .debug_str     0x0000fe16       0x6a /opt/AVR/root/lib/gcc/avr/13.2.0/avr25/libgcc.a(_ctors.o)
 .debug_str     0x0000fe16       0x6a /opt/AVR/root/lib/gcc/avr/13.2.0/avr25/libgcc.a(_tablejump2.o)

.debug_loc
 *(.debug_loc)

.debug_macinfo
 *(.debug_macinfo)

.debug_weaknames
 *(.debug_weaknames)

.debug_funcnames
 *(.debug_funcnames)

.debug_typenames
 *(.debug_typenames)

.debug_varnames
 *(.debug_varnames)

.debug_pubtypes
 *(.debug_pubtypes)

.debug_ranges
 *(.debug_ranges)

.debug_addr
 *(.debug_addr)

.debug_line_str
                0x00000000      0x7e4
 *(.debug_line_str)
 .debug_line_str
                0x00000000      0x2f3 /tmp/ccoZ0Zc5.ltrans0.ltrans.o
 .debug_line_str
                0x00000000      0x5b1 /tmp/cc0eqW5J.debug.temp.o
 .debug_line_str
                0x00000000      0x56e /tmp/ccGM8bOm.debug.temp.o
 .debug_line_str
                0x00000000      0x530 /tmp/ccIdfziL.debug.temp.o
 .debug_line_str
                0x00000000      0x6ac /tmp/cc2qxesj.debug.temp.o
 .debug_line_str
                0x00000000      0x7e4 /opt/AVR/root/lib/gcc/avr/13.2.0/avr25/libgcc.a(_exit.o)
                                 0x5e (size before relaxing)
 .debug_line_str
                0x000007e4       0x5e /opt/AVR/root/lib/gcc/avr/13.2.0/avr25/libgcc.a(_mulhi3.o)
 .debug_line_str
                0x000007e4       0x5e /opt/AVR/root/lib/gcc/avr/13.2.0/avr25/libgcc.a(_clear_bss.o)
 .debug_line_str
                0x000007e4       0x5e /opt/AVR/root/lib/gcc/avr/13.2.0/avr25/libgcc.a(_ctors.o)
 .debug_line_str
                0x000007e4       0x5e /opt/AVR/root/lib/gcc/avr/13.2.0/avr25/libgcc.a(_tablejump2.o)

.debug_loclists
                0x00000000      0xb77
 *(.debug_loclists)
 .debug_loclists
                0x00000000      0xb77 /tmp/ccoZ0Zc5.ltrans0.ltrans.o

.debug_macro    0x00000000     0x365a
 *(.debug_macro)
 .debug_macro   0x00000000      0x2b8 /tmp/cc0eqW5J.debug.temp.o
 .debug_macro   0x000002b8      0xd96 /tmp/cc0eqW5J.debug.temp.o
 .debug_macro   0x0000104e       0x1c /tmp/cc0eqW5J.debug.temp.o
 .debug_macro   0x0000106a      0x1c9 /tmp/cc0eqW5J.debug.temp.o
 .debug_macro   0x00001233      0x1f2 /tmp/cc0eqW5J.debug.temp.o
 .debug_macro   0x00001425      0x26c /tmp/cc0eqW5J.debug.temp.o
 .debug_macro   0x00001691       0xaa /tmp/cc0eqW5J.debug.temp.o
 .debug_macro   0x0000173b       0x1c /tmp/cc0eqW5J.debug.temp.o
 .debug_macro   0x00001757       0x18 /tmp/cc0eqW5J.debug.temp.o
 .debug_macro   0x0000176f       0x4f /tmp/cc0eqW5J.debug.temp.o
 .debug_macro   0x000017be       0x25 /tmp/cc0eqW5J.debug.temp.o
 .debug_macro   0x000017e3       0x1f /tmp/cc0eqW5J.debug.temp.o
 .debug_macro   0x00001802       0x11 /tmp/cc0eqW5J.debug.temp.o
 .debug_macro   0x00001813       0x17 /tmp/cc0eqW5J.debug.temp.o
 .debug_macro   0x0000182a       0x10 /tmp/cc0eqW5J.debug.temp.o
 .debug_macro   0x0000183a       0x28 /tmp/cc0eqW5J.debug.temp.o
 .debug_macro   0x00001862       0x2e /tmp/cc0eqW5J.debug.temp.o
 .debug_macro   0x00001890       0x16 /tmp/cc0eqW5J.debug.temp.o
 .debug_macro   0x000018a6       0x19 /tmp/cc0eqW5J.debug.temp.o
 .debug_macro   0x000018bf       0x20 /tmp/cc0eqW5J.debug.temp.o
 .debug_macro   0x000018df       0x88 /tmp/cc0eqW5J.debug.temp.o
 .debug_macro   0x00001967       0x2b /tmp/cc0eqW5J.debug.temp.o
 .debug_macro   0x00001992       0x19 /tmp/cc0eqW5J.debug.temp.o
 .debug_macro   0x000019ab       0x18 /tmp/cc0eqW5J.debug.temp.o
 .debug_macro   0x000019c3       0xac /tmp/cc0eqW5J.debug.temp.o
 .debug_macro   0x00001a6f       0x16 /tmp/cc0eqW5J.debug.temp.o
 .debug_macro   0x00001a85       0x9e /tmp/cc0eqW5J.debug.temp.o
 .debug_macro   0x00001b23       0x16 /tmp/cc0eqW5J.debug.temp.o
 .debug_macro   0x00001b39       0x16 /tmp/cc0eqW5J.debug.temp.o
 .debug_macro   0x00001b4f       0x10 /tmp/cc0eqW5J.debug.temp.o
 .debug_macro   0x00001b5f      0x302 /tmp/cc0eqW5J.debug.temp.o
 .debug_macro   0x00001e61       0x9e /tmp/cc0eqW5J.debug.temp.o
 .debug_macro   0x00001eff      0x7dd /tmp/cc0eqW5J.debug.temp.o
 .debug_macro   0x000026dc       0xd6 /tmp/cc0eqW5J.debug.temp.o
 .debug_macro   0x000027b2       0xc2 /tmp/cc0eqW5J.debug.temp.o
 .debug_macro   0x00002874       0xbd /tmp/cc0eqW5J.debug.temp.o
 .debug_macro   0x00002931       0x34 /tmp/cc0eqW5J.debug.temp.o
 .debug_macro   0x00002965       0x18 /tmp/cc0eqW5J.debug.temp.o
 .debug_macro   0x0000297d       0x34 /tmp/cc0eqW5J.debug.temp.o
 .debug_macro   0x000029b1       0x2e /tmp/cc0eqW5J.debug.temp.o
 .debug_macro   0x000029df       0x10 /tmp/cc0eqW5J.debug.temp.o
 .debug_macro   0x000029ef       0x64 /tmp/cc0eqW5J.debug.temp.o
 .debug_macro   0x00002a53       0x1c /tmp/cc0eqW5J.debug.temp.o
 .debug_macro   0x00002a6f       0x9e /tmp/cc0eqW5J.debug.temp.o
 .debug_macro   0x00002b0d       0x53 /tmp/cc0eqW5J.debug.temp.o
 .debug_macro   0x00002b60       0x10 /tmp/cc0eqW5J.debug.temp.o
 .debug_macro   0x00002b70       0x12 /tmp/cc0eqW5J.debug.temp.o
 .debug_macro   0x00002b82       0xc6 /tmp/cc0eqW5J.debug.temp.o
 .debug_macro   0x00002c48       0x22 /tmp/cc0eqW5J.debug.temp.o
 .debug_macro   0x00002c6a      0x150 /tmp/cc0eqW5J.debug.temp.o
 .debug_macro   0x00002dba      0x2b4 /tmp/ccGM8bOm.debug.temp.o
 .debug_macro   0x0000306e      0x2a8 /tmp/ccIdfziL.debug.temp.o
 .debug_macro   0x00003316      0x2cd /tmp/cc2qxesj.debug.temp.o
 .debug_macro   0x000035e3       0x77 /tmp/cc2qxesj.debug.temp.o

.debug_names
 *(.debug_names)

.debug_rnglists
                0x00000000      0x11c
 *(.debug_rnglists)
 .debug_rnglists
                0x00000000      0x11c /tmp/ccoZ0Zc5.ltrans0.ltrans.o

.debug_str_offsets
 *(.debug_str_offsets)

.debug_sup
 *(.debug_sup)
OUTPUT(duchaRGB.elf elf32-avr)
LOAD linker stubs

Cross Reference Table

Symbol                                            File
_Z10softUpdate7color_t                            ./main.o (symbol from plugin)
_Z4loopv                                          ./main.o (symbol from plugin)
                                                  ./eduardino/eduardino.o (symbol from plugin)
_Z5setupv                                         ./main.o (symbol from plugin)
                                                  ./eduardino/eduardino.o (symbol from plugin)
_Z6memsetIN7DS18B2012scratchpad_tEEPhRT_h         ./eduardino/device/onewire/ds18b20/ds18b20.o (symbol from plugin)
_Z7zeromemIN7DS18B2012scratchpad_tEEPhRT_         ./eduardino/device/onewire/ds18b20/ds18b20.o (symbol from plugin)
_Z8delay_msj                                      ./eduardino/eduardino.o (symbol from plugin)
                                                  ./main.o (symbol from plugin)
                                                  ./eduardino/device/onewire/ds18b20/ds18b20.o (symbol from plugin)
_Z8delay_usj                                      ./eduardino/eduardino.o (symbol from plugin)
_ZN11genericIO_cI12oneWireBus_cE3RxsEPhh          ./eduardino/device/onewire/ds18b20/ds18b20.o (symbol from plugin)
                                                  ./eduardino/device/onewire/onewire.o (symbol from plugin)
_ZN11genericIO_cI12oneWireBus_cE3TxsEPhh          ./eduardino/device/onewire/ds18b20/ds18b20.o (symbol from plugin)
                                                  ./eduardino/device/onewire/onewire.o (symbol from plugin)
_ZN11genericIO_cI12oneWireBus_cElsI11OneWireId_tEERDaRKT_ ./eduardino/device/onewire/onewire.o (symbol from plugin)
_ZN11genericIO_cI12oneWireBus_cElsIN7DS18B2012scratchpad_tEEERDaRKT_ ./eduardino/device/onewire/ds18b20/ds18b20.o (symbol from plugin)
_ZN11genericIO_cI12oneWireBus_cElsINS0_4cmdsEEERDaRKT_ ./eduardino/device/onewire/onewire.o (symbol from plugin)
_ZN11genericIO_cI12oneWireBus_cElsIhEERDaRKT_     ./eduardino/device/onewire/onewire.o (symbol from plugin)
_ZN11genericIO_cI12oneWireBus_cErsI11OneWireId_tEERDaRT_ ./eduardino/device/onewire/onewire.o (symbol from plugin)
_ZN11genericIO_cI12oneWireBus_cErsIN7DS18B2012scratchpad_tEEERDaRT_ ./eduardino/device/onewire/ds18b20/ds18b20.o (symbol from plugin)
_ZN12oneWireBus_c13romSearchNextEv                ./eduardino/device/onewire/onewire.o (symbol from plugin)
                                                  ./eduardino/device/onewire/ds18b20/ds18b20.o (symbol from plugin)
_ZN12oneWireBus_c2RxEv                            ./eduardino/device/onewire/ds18b20/ds18b20.o (symbol from plugin)
                                                  ./eduardino/device/onewire/onewire.o (symbol from plugin)
_ZN12oneWireBus_c2TxEh                            ./eduardino/device/onewire/ds18b20/ds18b20.o (symbol from plugin)
                                                  ./eduardino/device/onewire/onewire.o (symbol from plugin)
_ZN12oneWireBus_c3cmdEhb                          ./eduardino/device/onewire/onewire.o (symbol from plugin)
                                                  ./eduardino/device/onewire/ds18b20/ds18b20.o (symbol from plugin)
_ZN12oneWireBus_c5beginEv                         ./eduardino/device/onewire/onewire.o (symbol from plugin)
                                                  ./eduardino/device/onewire/ds18b20/ds18b20.o (symbol from plugin)
_ZN12oneWireBus_c5resetEv                         ./eduardino/device/onewire/onewire.o (symbol from plugin)
_ZN12oneWireBus_c7romReadEv                       ./eduardino/device/onewire/onewire.o (symbol from plugin)
_ZN12oneWireBus_c8readBitsEh                      ./eduardino/device/onewire/onewire.o (symbol from plugin)
                                                  ./eduardino/device/onewire/ds18b20/ds18b20.o (symbol from plugin)
_ZN12oneWireBus_c9writeBitsEhh                    ./eduardino/device/onewire/onewire.o (symbol from plugin)
                                                  ./eduardino/device/onewire/ds18b20/ds18b20.o (symbol from plugin)
_ZN7DS18B2013setResolutionEh                      ./eduardino/device/onewire/ds18b20/ds18b20.o (symbol from plugin)
_ZN7DS18B205beginEh                               ./eduardino/device/onewire/ds18b20/ds18b20.o (symbol from plugin)
                                                  ./main.o (symbol from plugin)
_ZN7DS18B207getTempEv                             ./eduardino/device/onewire/ds18b20/ds18b20.o (symbol from plugin)
                                                  ./main.o (symbol from plugin)
__FUSE_REGION_LENGTH__                            /opt/AVR/root/lib/gcc/avr/13.2.0/../../../../avr/lib/avr25/crtattiny85.o
__addsf3                                          /opt/AVR/root/lib/gcc/avr/13.2.0/../../../../avr/lib/avr25/libm.a(addsf3.o)
                                                  /tmp/ccoZ0Zc5.ltrans0.ltrans.o
__addsf3x                                         /opt/AVR/root/lib/gcc/avr/13.2.0/../../../../avr/lib/avr25/libm.a(addsf3x.o)
                                                  /opt/AVR/root/lib/gcc/avr/13.2.0/../../../../avr/lib/avr25/libm.a(addsf3.o)
__bad_interrupt                                   /opt/AVR/root/lib/gcc/avr/13.2.0/../../../../avr/lib/avr25/crtattiny85.o
__bss_end                                         /opt/AVR/root/lib/gcc/avr/13.2.0/avr25/libgcc.a(_clear_bss.o)
__bss_start                                       /opt/AVR/root/lib/gcc/avr/13.2.0/avr25/libgcc.a(_clear_bss.o)
__ctors_end                                       /opt/AVR/root/lib/gcc/avr/13.2.0/avr25/libgcc.a(_ctors.o)
__ctors_start                                     /opt/AVR/root/lib/gcc/avr/13.2.0/avr25/libgcc.a(_ctors.o)
__do_clear_bss                                    /opt/AVR/root/lib/gcc/avr/13.2.0/avr25/libgcc.a(_clear_bss.o)
                                                  /tmp/ccoZ0Zc5.ltrans0.ltrans.o
__do_global_ctors                                 /opt/AVR/root/lib/gcc/avr/13.2.0/avr25/libgcc.a(_ctors.o)
                                                  /tmp/ccoZ0Zc5.ltrans0.ltrans.o
__fixunssfsi                                      /opt/AVR/root/lib/gcc/avr/13.2.0/../../../../avr/lib/avr25/libm.a(fixunssfsi.o)
                                                  /tmp/ccoZ0Zc5.ltrans0.ltrans.o
__floatsisf                                       /opt/AVR/root/lib/gcc/avr/13.2.0/../../../../avr/lib/avr25/libm.a(floatsisf.o)
                                                  /tmp/ccoZ0Zc5.ltrans0.ltrans.o
__floatunsisf                                     /opt/AVR/root/lib/gcc/avr/13.2.0/../../../../avr/lib/avr25/libm.a(floatsisf.o)
                                                  /tmp/ccoZ0Zc5.ltrans0.ltrans.o
__fp_inf                                          /opt/AVR/root/lib/gcc/avr/13.2.0/../../../../avr/lib/avr25/libm.a(fp_inf.o)
                                                  /opt/AVR/root/lib/gcc/avr/13.2.0/../../../../avr/lib/avr25/libm.a(mulsf3x.o)
                                                  /opt/AVR/root/lib/gcc/avr/13.2.0/../../../../avr/lib/avr25/libm.a(addsf3x.o)
__fp_nan                                          /opt/AVR/root/lib/gcc/avr/13.2.0/../../../../avr/lib/avr25/libm.a(fp_nan.o)
                                                  /opt/AVR/root/lib/gcc/avr/13.2.0/../../../../avr/lib/avr25/libm.a(mulsf3x.o)
                                                  /opt/AVR/root/lib/gcc/avr/13.2.0/../../../../avr/lib/avr25/libm.a(addsf3x.o)
__fp_pscA                                         /opt/AVR/root/lib/gcc/avr/13.2.0/../../../../avr/lib/avr25/libm.a(fp_pscA.o)
                                                  /opt/AVR/root/lib/gcc/avr/13.2.0/../../../../avr/lib/avr25/libm.a(mulsf3x.o)
                                                  /opt/AVR/root/lib/gcc/avr/13.2.0/../../../../avr/lib/avr25/libm.a(addsf3x.o)
__fp_pscB                                         /opt/AVR/root/lib/gcc/avr/13.2.0/../../../../avr/lib/avr25/libm.a(fp_pscB.o)
                                                  /opt/AVR/root/lib/gcc/avr/13.2.0/../../../../avr/lib/avr25/libm.a(mulsf3x.o)
                                                  /opt/AVR/root/lib/gcc/avr/13.2.0/../../../../avr/lib/avr25/libm.a(addsf3x.o)
__fp_round                                        /opt/AVR/root/lib/gcc/avr/13.2.0/../../../../avr/lib/avr25/libm.a(fp_round.o)
                                                  /opt/AVR/root/lib/gcc/avr/13.2.0/../../../../avr/lib/avr25/libm.a(mulsf3.o)
                                                  /opt/AVR/root/lib/gcc/avr/13.2.0/../../../../avr/lib/avr25/libm.a(addsf3.o)
__fp_split3                                       /opt/AVR/root/lib/gcc/avr/13.2.0/../../../../avr/lib/avr25/libm.a(fp_split3.o)
                                                  /opt/AVR/root/lib/gcc/avr/13.2.0/../../../../avr/lib/avr25/libm.a(mulsf3x.o)
                                                  /opt/AVR/root/lib/gcc/avr/13.2.0/../../../../avr/lib/avr25/libm.a(addsf3x.o)
__fp_splitA                                       /opt/AVR/root/lib/gcc/avr/13.2.0/../../../../avr/lib/avr25/libm.a(fp_split3.o)
                                                  /opt/AVR/root/lib/gcc/avr/13.2.0/../../../../avr/lib/avr25/libm.a(fixunssfsi.o)
__fp_szero                                        /opt/AVR/root/lib/gcc/avr/13.2.0/../../../../avr/lib/avr25/libm.a(fp_zero.o)
                                                  /opt/AVR/root/lib/gcc/avr/13.2.0/../../../../avr/lib/avr25/libm.a(mulsf3x.o)
__fp_zero                                         /opt/AVR/root/lib/gcc/avr/13.2.0/../../../../avr/lib/avr25/libm.a(fp_zero.o)
                                                  /opt/AVR/root/lib/gcc/avr/13.2.0/../../../../avr/lib/avr25/libm.a(fixunssfsi.o)
                                                  /opt/AVR/root/lib/gcc/avr/13.2.0/../../../../avr/lib/avr25/libm.a(addsf3x.o)
__heap_end                                        /opt/AVR/root/lib/gcc/avr/13.2.0/../../../../avr/lib/avr25/crtattiny85.o
__init                                            /opt/AVR/root/lib/gcc/avr/13.2.0/../../../../avr/lib/avr25/crtattiny85.o
__mulhi3                                          /opt/AVR/root/lib/gcc/avr/13.2.0/avr25/libgcc.a(_mulhi3.o)
                                                  /tmp/ccoZ0Zc5.ltrans0.ltrans.o
__mulsf3                                          /opt/AVR/root/lib/gcc/avr/13.2.0/../../../../avr/lib/avr25/libm.a(mulsf3.o)
                                                  /tmp/ccoZ0Zc5.ltrans0.ltrans.o
__mulsf3_pse                                      /opt/AVR/root/lib/gcc/avr/13.2.0/../../../../avr/lib/avr25/libm.a(mulsf3x.o)
__mulsf3x                                         /opt/AVR/root/lib/gcc/avr/13.2.0/../../../../avr/lib/avr25/libm.a(mulsf3x.o)
                                                  /opt/AVR/root/lib/gcc/avr/13.2.0/../../../../avr/lib/avr25/libm.a(mulsf3.o)
__stack                                           /opt/AVR/root/lib/gcc/avr/13.2.0/../../../../avr/lib/avr25/crtattiny85.o
__subsf3                                          /opt/AVR/root/lib/gcc/avr/13.2.0/../../../../avr/lib/avr25/libm.a(addsf3.o)
__tablejump2__                                    /opt/AVR/root/lib/gcc/avr/13.2.0/avr25/libgcc.a(_tablejump2.o)
                                                  /opt/AVR/root/lib/gcc/avr/13.2.0/avr25/libgcc.a(_ctors.o)
__vector_1                                        /opt/AVR/root/lib/gcc/avr/13.2.0/../../../../avr/lib/avr25/crtattiny85.o
__vector_10                                       /opt/AVR/root/lib/gcc/avr/13.2.0/../../../../avr/lib/avr25/crtattiny85.o
__vector_11                                       /opt/AVR/root/lib/gcc/avr/13.2.0/../../../../avr/lib/avr25/crtattiny85.o
__vector_12                                       /opt/AVR/root/lib/gcc/avr/13.2.0/../../../../avr/lib/avr25/crtattiny85.o
__vector_13                                       /opt/AVR/root/lib/gcc/avr/13.2.0/../../../../avr/lib/avr25/crtattiny85.o
__vector_14                                       /opt/AVR/root/lib/gcc/avr/13.2.0/../../../../avr/lib/avr25/crtattiny85.o
__vector_2                                        /opt/AVR/root/lib/gcc/avr/13.2.0/../../../../avr/lib/avr25/crtattiny85.o
__vector_3                                        /opt/AVR/root/lib/gcc/avr/13.2.0/../../../../avr/lib/avr25/crtattiny85.o
__vector_4                                        /opt/AVR/root/lib/gcc/avr/13.2.0/../../../../avr/lib/avr25/crtattiny85.o
__vector_5                                        /opt/AVR/root/lib/gcc/avr/13.2.0/../../../../avr/lib/avr25/crtattiny85.o
__vector_6                                        /opt/AVR/root/lib/gcc/avr/13.2.0/../../../../avr/lib/avr25/crtattiny85.o
__vector_7                                        /opt/AVR/root/lib/gcc/avr/13.2.0/../../../../avr/lib/avr25/crtattiny85.o
__vector_8                                        /opt/AVR/root/lib/gcc/avr/13.2.0/../../../../avr/lib/avr25/crtattiny85.o
__vector_9                                        /opt/AVR/root/lib/gcc/avr/13.2.0/../../../../avr/lib/avr25/crtattiny85.o
__vector_default                                  /opt/AVR/root/lib/gcc/avr/13.2.0/../../../../avr/lib/avr25/crtattiny85.o
__vectors                                         /opt/AVR/root/lib/gcc/avr/13.2.0/../../../../avr/lib/avr25/crtattiny85.o
_exit                                             /opt/AVR/root/lib/gcc/avr/13.2.0/avr25/libgcc.a(_exit.o)
ds18b20.cpp.39e812ee                              /tmp/cc0eqW5J.debug.temp.o
                                                  /tmp/ccoZ0Zc5.ltrans0.ltrans.o
eduardino.cpp.6d3a7596                            /tmp/ccIdfziL.debug.temp.o
                                                  /tmp/ccoZ0Zc5.ltrans0.ltrans.o
exit                                              /opt/AVR/root/lib/gcc/avr/13.2.0/avr25/libgcc.a(_exit.o)
                                                  /opt/AVR/root/lib/gcc/avr/13.2.0/../../../../avr/lib/avr25/crtattiny85.o
last_color                                        ./main.o (symbol from plugin)
main                                              /tmp/ccoZ0Zc5.ltrans0.ltrans.o
                                                  ./eduardino/eduardino.o (symbol from plugin)
                                                  /opt/AVR/root/lib/gcc/avr/13.2.0/../../../../avr/lib/avr25/crtattiny85.o
main.cpp.2076527a                                 /tmp/cc2qxesj.debug.temp.o
                                                  /tmp/ccoZ0Zc5.ltrans0.ltrans.o
memcpy_P                                          /opt/AVR/root/lib/gcc/avr/13.2.0/../../../../avr/lib/avr25/libc.a(memcpy_P.o)
                                                  /tmp/ccoZ0Zc5.ltrans0.ltrans.o
                                                  ./main.o (symbol from plugin)
onewire.cpp.b28de6be                              /tmp/ccGM8bOm.debug.temp.o
                                                  /tmp/ccoZ0Zc5.ltrans0.ltrans.o
